******************************************************************************
                  TI ARM Linker Unix v16.9.6                   
******************************************************************************
>> Linked Fri Oct  2 10:35:17 2020

OUTPUT FILE NAME:   <xwr68xx_mmw_demo_mss.xer4f>
ENTRY POINT SYMBOL: "_c_int00"  address: 0001b85c


MEMORY CONFIGURATION

         name            origin    length      used     unused   attr    fill
----------------------  --------  ---------  --------  --------  ----  --------
PAGE 0:
  VECTORS               00000000   00000100  0000003c  000000c4     X
  PROG_RAM              00000100   0007ff00  00023256  0005ccaa  R  X
  DATA_RAM              08000000   00030000  0000f99c  00020664  RW  
  L3_RAM                51000000   000c0000  000c0000  00000000  RW  
  HWA_RAM               52030000   00010000  00000000  00010000  RW  
  HS_RAM                52080000   00008000  00000000  00008000  RW  

PAGE 1:
  L3_RAM                51000000   000c0000  00000000  000c0000  RW  


SEGMENT ALLOCATION MAP

run origin  load origin   length   init length attrs members
----------  ----------- ---------- ----------- ----- -------
00000000    00000000    0000003c   0000003c    r--
  00000000    00000000    0000003c   0000003c    r-- .vecs
00000100    00000100    00023260   00023260    r-x
  00000100    00000100    00021b22   00021b22    r-x .text
  00021c28    00021c28    000011a4   000011a4    r-- .const
  00022dd0    00022dd0    00000590   00000590    r-- .cinit
08000000    08000000    0000f9a0   00000000    rw-
  08000000    08000000    00008000   00000000    rw- systemHeap
  08008000    08008000    00003828   00000000    rw- .bss
  0800b828    0800b828    00002174   00000000    rw- .data
  0800d99c    0800d99c    00001000   00000000    rw- .dpcLocalRam
  0800e9a0    0800e9a0    00000800   00000000    rw- .myFiqStack
  0800f1a0    0800f1a0    00000800   00000000    rw- .stack
51000000    51000000    000c0000   00000000    rw-
  51000000    51000000    000c0000   00000000    rw- .l3ram


SECTION ALLOCATION MAP

 output                                  attributes/
section   page    origin      length       input sections
--------  ----  ----------  ----------   ----------------
.vecs      0    00000000    0000003c     
                  00000000    0000003c     mmw_mss_per4ft.oer4ft (.vecs)

.myFiqStack 
*          0    0800e9a0    00000800     UNINITIALIZED
                  0800e9a0    00000800     mmw_mss_per4ft.oer4ft (.myFiqStack)

xdc.meta   0    00000000    00000104     COPY SECTION
                  00000000    00000104     mmw_mss_per4ft.oer4ft (xdc.meta)

xdc.noload 
*          0    00000000    00000000     COPY SECTION

.text      0    00000100    00021b22     
                  00000100    0000107a     rtsv7R4_T_le_v3D16_eabi.lib : _printfi.obj (.text)
                  0000117a    00000002     libadcbuf_xwr68xx.aer4f : adcbuf_mmwave.oer4f (.text:ADCBUF_MMWave_init)
                  0000117c    00000ae8     mss_main.oer4f (.text:MmwDemo_dataPathConfig)
                  00001c64    00000898     rtsv7R4_T_le_v3D16_eabi.lib : _scanfi.obj (.text)
                  000024fc    000006ec     mss_main.oer4f (.text:MmwDemo_initTask)
                  00002be8    000006da     mmw_cli.oer4f (.text:MmwDemo_CLIInit)
                  000032c2    00000002     libhwa_xwr68xx.aer4f : hwa.oer4f (.text:HWA_init)
                  000032c4    00000658                          : hwa.oer4f (.text:HWA_configParamSet)
                  0000391c    000005fc     rtsv7R4_T_le_v3D16_eabi.lib : k_rem_pio2.obj (.text)
                  00003f18    000005a1     mss_main.oer4f (.text:MmwDemo_openSensor)
                  000044b9    00000001     --HOLE-- [fill = 0]
                  000044ba    00000002     libmmwave_xwr68xx.aer4f : mmwave_link.oer4f (.text:MMWave_maskHostIRQ)
                  000044bc    00000564     librangeproc_hwa_xwr68xx.aer4f : rangeprochwa.oer4f (.text:DPU_RangeProcHWA_process)
                  00004a20    000004e1     sysbios.aer4ft : BIOS.obj (.text:xdc_runtime_System_doPrint__I)
                  00004f01    00000001     --HOLE-- [fill = 0]
                  00004f02    00000002     libqspiflash_xwr68xx.aer4f : qspiflash.oer4f (.text:QSPIFlash_init)
                  00004f04    000004d8     mss_main.oer4f (.text:MmwDemo_handleObjectDetResult)
                  000053dc    000004a8     libadcbuf_xwr68xx.aer4f : adcbuf_mmwave.oer4f (.text:ADCBUF_MMWave_control)
                  00005884    0000043c     librangeproc_hwa_xwr68xx.aer4f : rangeprochwa.oer4f (.text:DPU_RangeProcHWA_config)
                  00005cc0    0000043c     mmwdemo_rfparser.oer4f (.text:MmwDemo_RFParser_parseCtrlConfig)
                  000060fc    00000410     libcli_xwr68xx.aer4f : cli_mmwave.oer4f (.text:CLI_MMWaveVersion)
                  0000650c    00000400     mmw_cli.oer4f (.text:MmwDemo_CLISensorStart)
                  0000690c    000003f4     rtsv7R4_T_le_v3D16_eabi.lib : s_cos.obj (.text)
                  00006d00    000003e8     mss_main.oer4f (.text:MmwDemo_transmitProcessedOutput)
                  000070e8    000003b0     mss_main.oer4f (.text:MmwDemo_DPC_ObjectDetection_reportFxn)
                  00007498    00000328     mss_main.oer4f (.text:MmwDemo_processPendingDynamicCfgCommands)
                  000077c0    00000314     libsoc_xwr68xx.aer4f : soc_xwr68xx_mss.oer4f (.text:SOC_deviceInit)
                  00007ad4    00000304     librangeproc_hwa_xwr68xx.aer4f : rangeprochwa.oer4f (.text:rangeProcHWA_ConfigEDMA_DataOut_nonInterleave)
                  00007dd8    000002f8     libcbuff_xwr68xx.aer4f : cbuff.oer4f (.text:CBUFF_createSession)
                  000080d0    000002f4     objdetrangehwa.oer4f (.text:DPC_ObjectDetection_ioctl)
                  000083c4    0000000c     libedma_xwr68xx.aer4f : edma_low_level.oer4f (.text:EDMA3ChannelToParamMap)
                  000083d0    000002f4     sysbios.aer4ft : BIOS.obj (.text:ti_sysbios_knl_Semaphore_pend__E)
                  000086c4    0000000c     libedma_xwr68xx.aer4f : edma_low_level.oer4f (.text:EDMAsetRegion)
                  000086d0    000002cc     sysbios.aer4ft : BIOS.obj (.text:ti_sysbios_knl_Task_Instance_finalize__E)
                  0000899c    000002c4     libhwa_xwr68xx.aer4f : hwa.oer4f (.text:HWA_configCommon)
                  00008c60    000002b8     rtsv7R4_T_le_v3D16_eabi.lib : ull_div32.obj (.text)
                  00008f18    000002b0     objdetrangehwa.oer4f (.text:DPC_ObjDetRangeHwa_rangeConfig)
                  000091c8    00000008     libosal_xwr68xx.aer4f : HwiP_tirtos.oer4f (.text:HwiP_disable)
                  000091d0    000002a4     sysbios.aer4ft : BIOS.obj (.text:ti_sysbios_heaps_HeapMem_freeUnprotected__E)
                  00009474    00000284     libmmwave_xwr68xx.aer4f : mmwave_dualcore.oer4f (.text:MMWave_deviceExecuteFxn)
                  000096f8    00000280     libhsiheader_xwr68xx.aer4f : hsiheader.oer4f (.text:HSIHeader_createHeader)
                  00009978    00000008     libmmwave_xwr68xx.aer4f : mmwave.oer4f (.text:MMWave_decodeErrorLevel)
                  00009980    00000280     sysbios.aer4ft : BIOS.obj (.text:ti_sysbios_family_arm_exc_Exception_excDumpContext__I)
                  00009c00    0000027c     mss_main.oer4f (.text:MmwDemo_sensorStopEpilog)
                  00009e7c    0000026c     libqspiflash_xwr68xx.aer4f : qspiflash.oer4f (.text:QSPIFlash_open)
                  0000a0e8    00000264     libcbuff_xwr68xx.aer4f : cbuff.oer4f (.text:CBUFF_init)
                  0000a34c    00000260     libmailbox_xwr68xx.aer4f : mailbox.oer4f (.text:Mailbox_open)
                  0000a5ac    0000025c     mss_main.oer4f (.text:MmwDemo_eventCallbackFxn)
                  0000a808    00000254     libcli_xwr68xx.aer4f : cli_mmwave.oer4f (.text:CLI_MMWaveProfileCfg)
                  0000aa5c    00000244     mss_main.oer4f (.text:MmwDemo_startSensor)
                  0000aca0    0000023c     mmw_lvds_stream.oer4f (.text:MmwDemo_LVDSStreamHwConfig)
                  0000aedc    0000022c     libcbuff_xwr68xx.aer4f : cbuff_lvds.oer4f (.text:CBUFF_openLVDS)
                  0000b108    0000022c     librangeproc_hwa_xwr68xx.aer4f : rangeprochwa.oer4f (.text:rangeProcHWA_ConfigHWA)
                  0000b334    0000000c     libmmwave_xwr68xx.aer4f : mmwave_dualcore.oer4f (.text:MMWave_deviceMailboxCallbackFxn)
                  0000b340    00000228     sysbios.aer4ft : BIOS.obj (.text:ti_sysbios_heaps_HeapMem_allocUnprotected__E)
                  0000b568    00000224     mss_main.oer4f (.text:MmwDemo_stopSensor)
                  0000b78c    00000004     libosal_xwr68xx.aer4f : HwiP_tirtos.oer4f (.text:HwiP_disableInterrupt)
                  0000b790    00000224     sysbios.aer4ft : BIOS.obj (.text:ti_sysbios_timers_rti_Timer_Module_startup__E)
                  0000b9b4    00000222     objdetrangehwa.oer4f (.text:DPC_ObjectDetection_execute)
                  0000bbd6    00000002     libqspi_xwr68xx.aer4f : qspi.oer4f (.text:QSPI_init)
                  0000bbd8    00000214     libuart_xwr68xx.aer4f : uartsci.oer4f (.text:UartSci_open)
                  0000bdec    0000020a     libcbuff_xwr68xx.aer4f : cbuff_transfer.oer4f (.text:CBUFF_addLinkedList)
                  0000bff6    00000002     libuart_xwr68xx.aer4f : uartsci.oer4f (.text:UartSci_init)
                  0000bff8    00000204     libcli_xwr68xx.aer4f : cli_mmwave.oer4f (.text:CLI_MMWaveChirpCfg)
                  0000c1fc    00000004     libosal_xwr68xx.aer4f : HwiP_tirtos.oer4f (.text:HwiP_enableInterrupt)
                  0000c200    00000204     sysbios.aer4ft : BIOS.obj (.text:ti_sysbios_knl_Task_sleep__E)
                  0000c404    00000200     libcrc_xwr68xx.aer4f : crc.oer4f (.text:CRC_open)
                  0000c604    0000000c     libmmwave_xwr68xx.aer4f : mmwave_osal.oer4f (.text:MMWave_osalMutexUnlock)
                  0000c610    00000200     sysbios.aer4ft : BIOS.obj (.text:ti_sysbios_knl_Task_Instance_init__E)
                  0000c810    000001f8     objdetrangehwa.oer4f (.text:DPC_ObjectDetection_init)
                  0000ca08    000001f0     libdma_xwr68xx.aer4f : dma.oer4f (.text:DMA_setChannelParams)
                  0000cbf8    000001e4     rtsv7R4_T_le_v3D16_eabi.lib : strtod.obj (.text)
                  0000cddc    000001e4                                 : strtoll.obj (.text)
                  0000cfc0    000001d4     libcbuff_xwr68xx.aer4f : cbuff_edma.oer4f (.text:CBUFF_configEDMA)
                  0000d194    0000000c     libmmwave_xwr68xx.aer4f : mmwave_osal.oer4f (.text:MMWave_osalSemSignal)
                  0000d1a0    000001cc     sysbios.aer4ft : BIOS.obj (.text:ti_sysbios_family_arm_v7r_vim_Hwi_dispatchIRQC__I)
                  0000d36c    000001c8     libcbuff_xwr68xx.aer4f : cbuff_lvds.oer4f (.text:CBUFF_initLVDS)
                  0000d534    000001c8     libmmwavelink_xwr68xx.aer4f : rl_driver.oer4f (.text:rlDriverRxHdrRead)
                  0000d6fc    000001c8     rtsv7R4_T_le_v3D16_eabi.lib : fopen.obj (.text)
                  0000d8c4    000001c0     libedma_xwr68xx.aer4f : edma.oer4f (.text:EDMA_open)
                  0000da84    000001b0     libmmwavelink_xwr68xx.aer4f : rl_driver.oer4f (.text:rlDriverMsgRead)
                  0000dc34    000001a8     mss_main.oer4f (.text:MmwDemo_bpmConfig)
                  0000dddc    000001a4     libcbuff_xwr68xx.aer4f : cbuff.oer4f (.text:CBUFF_activateSession)
                  0000df80    000001a4     libcli_xwr68xx.aer4f : cli_mmwave.oer4f (.text:CLI_MMWaveSubFrameCfg)
                  0000e124    000001a4     libmmwave_xwr68xx.aer4f : mmwave_dualcore.oer4f (.text:MMWave_serializeCfg)
                  0000e2c8    0000019c     mss_main.oer4f (.text:MmwDemo_transferLVDSUserData)
                  0000e464    0000000c     libuart_xwr68xx.aer4f : UART.oer4f (.text:UART_Params_init)
                  0000e470    0000019c     sysbios.aer4ft : BIOS.obj (.text:xdc_runtime_Error_policyDefault__E)
                  0000e60c    00000194     libmmwave_xwr68xx.aer4f : mmwave_link.oer4f (.text:MMWave_openLink)
                  0000e7a0    00000190     libmmwavelink_xwr68xx.aer4f : rl_driver.oer4f (.text:rlDriverCmdInvoke)
                  0000e930    00000188     libedma_xwr68xx.aer4f : edma.oer4f (.text:EDMA_configChannel)
                  0000eab8    00000188     libhwa_xwr68xx.aer4f : hwa.oer4f (.text:HWA_open)
                  0000ec40    00000188     mmw_cli.oer4f (.text:MmwDemo_CLIConfigDataPort)
                  0000edc8    00000008     libmmwave_xwr68xx.aer4f : mmwave_link.oer4f (.text:MMWave_mboxCallbackFxn)
                  0000edd0    00000184     sysbios.aer4ft : BIOS.obj (.text:xdc_runtime_LoggerBuf_write8__E)
                  0000ef54    00000180     libdpm_xwr68xx.aer4f : dpm_core.oer4f (.text:DPM_init)
                  0000f0d4    00000180                          : dpm_msg.oer4f (.text:DPM_msgRecv)
                  0000f254    00000180     mmwdemo_rfparser.oer4f (.text:MmwDemo_RFParser_setAoAParams)
                  0000f3d4    00000180     mss_main.oer4f (.text:main)
                  0000f554    00000170     libgpio_xwr68xx.aer4f : gpio.oer4f (.text:GPIO_setConfig)
                  0000f6c4    0000000c     libuart_xwr68xx.aer4f : uartsci_dma.oer4f (.text:UartSci_isDMAEnabled)
                  0000f6d0    0000016c     sysbios.aer4ft : BIOS.obj (.text:ti_sysbios_knl_Semaphore_post__E)
                  0000f83c    00000004     libmmwave_xwr68xx.aer4f : mmwave_link.oer4f (.text:MMWave_disableDevice)
                  0000f840    00000168     sysbios.aer4ft : BIOS.obj (.text:ti_sysbios_family_arm_exc_Exception_excHandler__I)
                  0000f9a8    00000164     mmw_lvds_stream.oer4f (.text:MmwDemo_LVDSStreamInit)
                  0000fb0c    00000164     mmw_lvds_stream.oer4f (.text:MmwDemo_LVDSStreamSwConfig)
                  0000fc70    00000164     rtsv7R4_T_le_v3D16_eabi.lib : strtoull.obj (.text)
                  0000fdd4    00000160     libqspi_xwr68xx.aer4f : qspi.oer4f (.text:QSPI_open)
                  0000ff34    0000000c     sysbios.aer4ft : arm_IntrinsicsSupport_asm.obj (.text:_ti_sysbios_family_arm_IntrinsicsSupport_maxbitA)
                  0000ff40    00000160                    : BIOS.obj (.text:ti_sysbios_family_arm_v7r_vim_Hwi_reconfig__E)
                  000100a0    00000158                    : BIOS.obj (.text:ti_sysbios_knl_Task_postInit__I)
                  000101f8    0000014c     libcli_xwr68xx.aer4f : cli_mmwave.oer4f (.text:CLI_MMWaveFrameCfg)
                  00010344    0000014c                          : cli.oer4f (.text:CLI_task)
                  00010490    0000014c     libmmwave_xwr68xx.aer4f : mmwave_link.oer4f (.text:MMWave_initMMWaveLink)
                  000105dc    0000014a     libuart_xwr68xx.aer4f : uartsci.oer4f (.text:UartSci_ISR)
                  00010726    00000002     rtsv7R4_T_le_v3D16_eabi.lib : i_div0.obj (.text)
                  00010728    00000148     libhsiheader_xwr68xx.aer4f : hsiheader.oer4f (.text:HSIHeader_init)
                  00010870    00000148     libmmwavelink_xwr68xx.aer4f : rl_driver.oer4f (.text:rlDriverCmdSendRetry)
                  000109b8    00000146     mmw_cli.oer4f (.text:MmwDemo_CLICalibDcRangeSig)
                  00010afe    00000002     mmw_mss_per4ft.oer4ft (.text:ti_sysbios_BIOS_nullFunc__I)
                  00010b00    00000140     sysbios.aer4ft : BIOS.obj (.text:ti_sysbios_heaps_HeapMem_Instance_init__E)
                  00010c40    00000140                    : BIOS.obj (.text:xdc_runtime_Core_createObject__I)
                  00010d80    0000013e     objdetrangehwa.oer4f (.text:DPC_ObjectDetection_frameStart)
                  00010ebe    00000002     mmw_mss_per4ft.oer4ft (.text:xdc_runtime_Startup_reset__I)
                  00010ec0    0000013c     mmw_lvds_stream.oer4f (.text:MmwDemo_LVDSStreamDeleteHwSession)
                  00010ffc    00000004     libmmwave_xwr68xx.aer4f : mmwave_link.oer4f (.text:MMWave_enableDevice)
                  00011000    0000013c     sysbios.aer4ft : BIOS.obj (.text:ti_sysbios_knl_Clock_workFunc__E)
                  0001113c    00000134     libadcbuf_xwr68xx.aer4f : adcbuf_mmwave.oer4f (.text:ADCBUF_MMWave_open)
                  00011270    00000134     sysbios.aer4ft : BIOS.obj (.text:xdc_runtime_Startup_startMods__I)
                  000113a4    00000130     mmw_lvds_stream.oer4f (.text:MmwDemo_LVDSStreamDeleteSwSession)
                  000114d4    00000130     rtsv7R4_T_le_v3D16_eabi.lib : strtol.obj (.text)
                  00011604    0000012c     librangeproc_hwa_xwr68xx.aer4f : rangeprochwa.oer4f (.text:rangeProcHWA_ConfigEDMADummyThreeLinks)
                  00011730    00000128     libmathutils.aer4f : mathutils.oer4f (.text:mathUtils_genWindow)
                  00011858    00000008     libosal_xwr68xx.aer4f : MemoryP_tirtos.oer4f (.text:MemoryP_getStats)
                  00011860    00000128     sysbios.aer4ft : BIOS.obj (.text:ti_sysbios_utils_Load_updateThreadContexts__E)
                  00011988    00000124     libcli_xwr68xx.aer4f : cli_mmwave.oer4f (.text:CLI_MMWaveAdvFrameCfg)
                  00011aac    00000124                          : cli_mmwave.oer4f (.text:CLI_MMWaveContModeCfg)
                  00011bd0    00000124     libedma_xwr68xx.aer4f : edma.oer4f (.text:EDMA_init)
                  00011cf4    0000000c     rtsv7R4_T_le_v3D16_eabi.lib : copy_zero_init.obj (.text:decompress:ZI)
                  00011d00    00000120     sysbios.aer4ft : BIOS.obj (.text:xdc_runtime_LoggerBuf_write4__E)
                  00011e20    0000011c     mmw_cli.oer4f (.text:MmwDemo_CLILvdsStreamCfg)
                  00011f3c    00000004     libmmwave_xwr68xx.aer4f : mmwave_listlib.oer4f (.text:MMWave_listGetHead)
                  00011f40    00000118     sysbios.aer4ft : BIOS.obj (.text:ti_sysbios_family_arm_v7r_vim_Hwi_Instance_init__E)
                  00012058    00000114     libedma_xwr68xx.aer4f : edma.oer4f (.text:EDMA_configErrorMonitoring)
                  0001216c    00000110                           : edma.oer4f (.text:EDMA_transferComplete_isr)
                  0001227c    00000110     mss_main.oer4f (.text:MmwDemo_calibInit)
                  0001238c    00000110     rtsv7R4_T_le_v3D16_eabi.lib : strtoul.obj (.text)
                  0001249c    0000010c     libdpedma_hwa_xwr68xx.aer4f : dpedma.oer4f (.text:DPEDMA_configSyncAB)
                  000125a8    0000010c     libdpm_xwr68xx.aer4f : dpm_msg.oer4f (.text:DPM_msgResultHandler)
                  000126b4    0000010c     libmmwave_xwr68xx.aer4f : mmwave_link.oer4f (.text:MMWave_asyncEventHandler)
                  000127c0    0000010c                             : mmwave_dualcore.oer4f (.text:MMWave_deviceInitFxn)
                  000128cc    00000004                             : mmwave_listlib.oer4f (.text:MMWave_listGetNext)
                  000128d0    0000010c     sysbios.aer4ft : BIOS.obj (.text:ti_sysbios_knl_Task_schedule__I)
                  000129dc    00000004     libmmwave_xwr68xx.aer4f : mmwave_link.oer4f (.text:MMWave_mboxClose)
                  000129e0    0000010c     sysbios.aer4ft : BIOS.obj (.text:xdc_runtime_Core_constructObject__I)
                  00012aec    00000108     libdma_xwr68xx.aer4f : dma.oer4f (.text:DMA_disableInterrupt)
                  00012bf4    00000108     objdetrangehwa.oer4f (.text:DPC_ObjectDetection_start)
                  00012cfc    00000108     libmailbox_xwr68xx.aer4f : mailbox.oer4f (.text:Mailbox_write)
                  00012e04    00000108     mmw_cli.oer4f (.text:MmwDemo_CLICfarCfg)
                  00012f0c    00000104     libcbuff_xwr68xx.aer4f : cbuff.oer4f (.text:CBUFF_deinit)
                  00013010    00000104     libdpedma_hwa_xwr68xx.aer4f : dpedma.oer4f (.text:DPEDMA_configSyncA_singleFrame)
                  00013114    00000104     libmmwave_xwr68xx.aer4f : mmwave_link.oer4f (.text:MMWave_startLink)
                  00013218    00000104     mmw_cli.oer4f (.text:MmwDemo_CLIChirpQualityRxSatMonCfg)
                  0001331c    00000104     mmw_cli.oer4f (.text:MmwDemo_CLICompRangeBiasAndRxChanPhaseCfg)
                  00013420    00000104     sysbios.aer4ft : BIOS.obj (.text:ti_sysbios_timers_rti_Timer_getFreq__E)
                  00013524    00000100     libcli_xwr68xx.aer4f : cli_mmwave.oer4f (.text:CLI_MMWaveBPMCfgAdvanced)
                  00013624    00000100     libdma_xwr68xx.aer4f : dma.oer4f (.text:DMA_clearChannelInterruptFlag)
                  00013724    00000100     libmmwavelink_xwr68xx.aer4f : rl_driver.oer4f (.text:rlDriverInit)
                  00013824    000000fd     mss_main.oer4f (.text:MmwDemo_setSubFramePendingState)
                  00013921    00000003     --HOLE-- [fill = 0]
                  00013924    000000fc     libcbuff_xwr68xx.aer4f : cbuff.oer4f (.text:CBUFF_deleteSession)
                  00013a20    000000fc     libcrc_xwr68xx.aer4f : crc.oer4f (.text:CRC_computeSignature)
                  00013b1c    000000fc     mmw_cli.oer4f (.text:MmwDemo_CLIADCBufCfg)
                  00013c18    00000008     libosal_xwr68xx.aer4f : SemaphoreP_tirtos.oer4f (.text:SemaphoreP_Params_init)
                  00013c20    000000fc     sysbios.aer4ft : BIOS.obj (.text:ti_sysbios_knl_Task_exit__E)
                  00013d1c    000000f8     mmw_lvds_stream.oer4f (.text:MmwDemo_configLVDSHwData)
                  00013e14    000000f8     libmmwavelink_xwr68xx.aer4f : rl_driver.oer4f (.text:rlDriverRdVerifyMsg)
                  00013f0c    000000f8     mmw_mss_per4ft.oer4ft (.text:xdc_runtime_System_printfExtend__I)
                  00014004    000000f4     mmw_cli.oer4f (.text:MmwDemo_CLICalibDataSaveRestore)
                  000140f8    00000008     librangeproc_hwa_xwr68xx.aer4f : rangeprochwa.oer4f (.text:rangeProcHWADoneIsrCallback)
                  00014100    000000f0     sysbios.aer4ft : BIOS.obj (.text:ti_sysbios_family_arm_v7r_vim_Hwi_Module_startup__E)
                  000141f0    000000f0                    : BIOS.obj (.text:ti_sysbios_knl_Task_startCore__E)
                  000142e0    000000f0                    : BIOS.obj (.text:ti_sysbios_utils_Load_taskCreateHook__E)
                  000143d0    000000ec     rtsv7R4_T_le_v3D16_eabi.lib : s_scalbn.obj (.text)
                  000144bc    00000004     libmmwave_xwr68xx.aer4f : mmwave_link.oer4f (.text:MMWave_mboxRead)
                  000144c0    000000ec     sysbios.aer4ft : BIOS.obj (.text:ti_sysbios_heaps_HeapBuf_Module_startup__E)
                  000145ac    000000ea     libdpedma_hwa_xwr68xx.aer4f : dpedmahwa.oer4f (.text:DPEDMAHWA_configTwoHotSignature)
                  00014696    00000002     --HOLE-- [fill = 0]
                  00014698    000000e8     mmw_cli.oer4f (.text:MmwDemo_CLIChirpQualitySigImgMonCfg)
                  00014780    000000e8     libmmwavelink_xwr68xx.aer4f : rl_sensor.oer4f (.text:rlRfCalibDataStore)
                  00014868    000000e8                                 : rl_sensor.oer4f (.text:rlRfPhShiftCalibDataStore)
                  00014950    000000e4     mmw_cli.oer4f (.text:MmwDemo_CLIBpmCfg)
                  00014a34    000000e4     libmmwavelink_xwr68xx.aer4f : rl_sensor.oer4f (.text:rlRfPhShiftCalibDataRestore)
                  00014b18    000000e2     libedma_xwr68xx.aer4f : edma.oer4f (.text:EDMA_paramConfig_assist)
                  00014bfa    00000002     --HOLE-- [fill = 0]
                  00014bfc    000000e0     libcli_xwr68xx.aer4f : cli.oer4f (.text:CLI_open)
                  00014cdc    000000e0     libdma_xwr68xx.aer4f : dma.oer4f (.text:DMA_enableInterrupt)
                  00014dbc    000000e0     rtsv7R4_T_le_v3D16_eabi.lib : s_floor.obj (.text)
                  00014e9c    000000dc     libmmwave_xwr68xx.aer4f : mmwave.oer4f (.text:MMWave_init)
                  00014f78    000000dc     libmmwavelink_xwr68xx.aer4f : rl_driver.oer4f (.text:rlDriverMsgCmdReply)
                  00015054    000000dc     rtsv7R4_T_le_v3D16_eabi.lib : setvbuf.obj (.text)
                  00015130    000000d4     libmailbox_xwr68xx.aer4f : mailbox.oer4f (.text:Mailbox_read)
                  00015204    000000d4     librangeproc_hwa_xwr68xx.aer4f : rangeprochwa.oer4f (.text:rangeProcHWA_ConfigEDMA_DataIn)
                  000152d8    000000d4     libmmwavelink_xwr68xx.aer4f : rl_sensor.oer4f (.text:rlSetMultiBpmChirpConfig)
                  000153ac    00000004     libmmwave_xwr68xx.aer4f : mmwave_link.oer4f (.text:MMWave_registerInterruptHandler)
                  000153b0    000000d4     sysbios.aer4ft : BIOS.obj (.text:ti_sysbios_utils_Load_logLoads__I)
                  00015484    000000d0     librangeproc_hwa_xwr68xx.aer4f : rangeprochwa.oer4f (.text:DPU_RangeProcHWA_control)
                  00015554    000000d0     libsoc_xwr68xx.aer4f : soc_xwr68xx_mss.oer4f (.text:SOC_controlSecureFirewall)
                  00015624    000000d0     sysbios.aer4ft : exc_Exception_asm.obj (.text:ti_sysbios_family_arm_exc_Exception_excHandlerAsm__I)
                  000156f4    0000000c     libmmwavelink_xwr68xx.aer4f : rl_driver.oer4f (.text:rlDriverGetPlatformId)
                  00015700    000000d0     sysbios.aer4ft : BIOS.obj (.text:ti_sysbios_utils_Load_idleFxn__E)
                  000157d0    000000d0                    : BIOS.obj (.text:xdc_runtime_LoggerBuf_Instance_init__E)
                  000158a0    000000cf     objdetrangehwa.oer4f (.text:DPC_ObjectDetection_stop)
                  0001596f    00000001     --HOLE-- [fill = 0]
                  00015970    000000cc     libhwa_xwr68xx.aer4f : hwa.oer4f (.text:HWA_enableParamSetInterrupt)
                  00015a3c    000000cc     mss_main.oer4f (.text:MmwDemo_configSensor)
                  00015b08    000000cc     libmmwavelink_xwr68xx.aer4f : rl_sensor.oer4f (.text:rlRfCalibDataRestore)
                  00015bd4    000000cc                                 : rl_sensor.oer4f (.text:rlSetChirpConfig)
                  00015ca0    000000cc     rtsv7R4_T_le_v3D16_eabi.lib : fflush.obj (.text)
                  00015d6c    000000cc                                 : sscanf.obj (.text)
                  00015e38    00000008     libmmwavelink_xwr68xx.aer4f : rl_driver.oer4f (.text:rlDriverConstructOutMsg)
                  00015e40    000000cc     sysbios.aer4ft : BIOS.obj (.text:ti_sysbios_knl_Task_checkStacks__E)
                  00015f0c    000000c8     libmmwave_xwr68xx.aer4f : mmwave_fullcfg.oer4f (.text:MMWave_addChirp)
                  00015fd4    000000c8                             : mmwave_link.oer4f (.text:MMWave_configBPM)
                  0001609c    000000c8                             : mmwave_fullcfg.oer4f (.text:MMWave_flushCfg)
                  00016164    000000c8                             : mmwave_fullcfg.oer4f (.text:MMWave_getChirpHandle)
                  0001622c    000000c8     libsoc_xwr68xx.aer4f : soc_xwr68xx.oer4f (.text:SOC_ungateClock)
                  000162f4    000000c8     libmmwavelink_xwr68xx.aer4f : rl_sensor.oer4f (.text:rlSetFrameConfig)
                  000163bc    000000c4     libcbuff_xwr68xx.aer4f : cbuff_transfer.oer4f (.text:CBUFF_setupNonInterleaved_CP_ADC_CQ)
                  00016480    000000c4     libdpm_xwr68xx.aer4f : dpm_core.oer4f (.text:DPM_deinit)
                  00016544    000000c4                          : dpm_core.oer4f (.text:DPM_ioctl)
                  00016608    00000008     libmmwavelink_xwr68xx.aer4f : rl_driver.oer4f (.text:rlDriverGetHandle)
                  00016610    000000c4     sysbios.aer4ft : BIOS.obj (.text:ti_sysbios_family_arm_v7a_Pmu_configureCounter__E)
                  000166d4    000000c0     librangeproc_hwa_xwr68xx.aer4f : rangeprochwa.oer4f (.text:DPU_RangeProcHWA_init)
                  00016794    000000c0     mmw_cli.oer4f (.text:MmwDemo_CLIAnalogMonitorCfg)
                  00016854    000000c0     mss_main.oer4f (.text:MmwDemo_isAllCfgInPendingState)
                  00016914    000000c0     libmmwavelink_xwr68xx.aer4f : rl_driver.oer4f (.text:rlDriverMsgWrite)
                  000169d4    0000000c     sysbios.aer4ft : BIOS.obj (.text:ti_sysbios_family_arm_v7a_Pmu_configureCounterI__I)
                  000169e0    000000c0                    : BIOS.obj (.text:ti_sysbios_timers_rti_Timer_startup__E)
                  00016aa0    000000bc     libcli_xwr68xx.aer4f : cli.oer4f (.text:CLI_help)
                  00016b5c    000000bc     libgpio_xwr68xx.aer4f : gpio.oer4f (.text:GPIO_write)
                  00016c18    000000bc     libmmwave_xwr68xx.aer4f : mmwave_link.oer4f (.text:MMWave_computeCRC)
                  00016cd4    000000bc     mmw_lvds_stream.oer4f (.text:MmwDemo_LVDSStream_EDMAInit)
                  00016d90    000000bc     rtsv7R4_T_le_v3D16_eabi.lib : open.obj (.text)
                  00016e4c    000000b8     libcbuff_xwr68xx.aer4f : cbuff.oer4f (.text:CBUFF_ISR)
                  00016f04    000000b8                            : cbuff_transfer.oer4f (.text:CBUFF_setupTransfer)
                  00016fbc    000000b8     libdma_xwr68xx.aer4f : dma.oer4f (.text:DMA_getChannelInterruptFlag)
                  00017074    000000b8     rtsv7R4_T_le_v3D16_eabi.lib : k_cos.obj (.text)
                  0001712c    000000b6     libsoc_xwr68xx.aer4f : soc_mpu.o (.text)
                  000171e2    0000000e                          : soc_xwr68xx_mss.oer4f (.text:SOC_microDelay)
                  000171f0    000000b4     sysbios.aer4ft : BIOS.obj (.text:ti_sysbios_gates_GateMutex_enter__E)
                  000172a4    0000000c                    : BIOS.obj (.text:ti_sysbios_family_arm_v7a_Pmu_getCountI__E)
                  000172b0    000000b4                    : BIOS.obj (.text:xdc_runtime_LoggerBuf_setFilterLevel__E)
                  00017364    000000b2     libuart_xwr68xx.aer4f : uartsci_dma.oer4f (.text:UartSci_openDMA)
                  00017416    00000002     --HOLE-- [fill = 0]
                  00017418    000000b0     libcbuff_xwr68xx.aer4f : cbuff.oer4f (.text:CBUFF_deactivateSession)
                  000174c8    000000b0     libmmwave_xwr68xx.aer4f : mmwave_fullcfg.oer4f (.text:MMWave_addProfile)
                  00017578    000000b0     mss_main.oer4f (.text:MmwDemo_edmaOpen)
                  00017628    000000b0     mss_main.oer4f (.text:MmwDemo_isAllCfgInNonPendingState)
                  000176d8    000000b0     libmmwavelink_xwr68xx.aer4f : rl_sensor.oer4f (.text:rlSetProfileConfig)
                  00017788    00000008     sysbios.aer4ft : BIOS.obj (.text:ti_sysbios_family_arm_v7a_Pmu_getEnabled__E)
                  00017790    000000b0                    : BIOS.obj (.text:ti_sysbios_utils_Load_updateLoads__E)
                  00017840    000000b0                    : BIOS.obj (.text:xdc_runtime_Text_putMod__E)
                  000178f0    000000ae     mmwdemo_adcconfig.oer4f (.text:MmwDemo_ADCBufConfig)
                  0001799e    000000ae     rtsv7R4_T_le_v3D16_eabi.lib : _io_perm.obj (.text)
                  00017a4c    000000ac     libesm_xwr68xx.aer4f : esm.oer4f (.text:ESM_processInterrupt)
                  00017af8    00000008     mmw_mss_per4ft.oer4ft (.text:xdc_runtime_Text_visitRope__I)
                  00017b00    000000ac     sysbios.aer4ft : BIOS.obj (.text:ti_sysbios_knl_Task_Module_startup__E)
                  00017bac    00000004     libmmwave_xwr68xx.aer4f : mmwave_link.oer4f (.text:MMWave_unmaskHostIRQ)
                  00017bb0    000000ac     sysbios.aer4ft : BIOS.obj (.text:ti_sysbios_utils_Load_startup__E)
                  00017c5c    000000a8     libadcbuf_xwr68xx.aer4f : adcbuf_mmwave.oer4f (.text:ADCBUF_MMWave_getChanBufAddr)
                  00017d04    000000a8     libcli_xwr68xx.aer4f : cli_mmwave.oer4f (.text:CLI_MMWaveExtensionHelp)
                  00017dac    000000a8     libedma_xwr68xx.aer4f : edma_low_level.oer4f (.text:EDMA3Init)
                  00017e54    000000a8     libmmwave_xwr68xx.aer4f : mmwave_link.oer4f (.text:MMWave_configureProfileChirp)
                  00017efc    000000a8                             : mmwave_fullcfg.oer4f (.text:MMWave_getBpmChirpHandle)
                  00017fa4    000000a8     libpinmux_xwr68xx.aer4f : pinmux.oer4f (.text:Pinmux_Set_OverrideCtrl)
                  0001804c    000000a8     libsoc_xwr68xx.aer4f : soc.oer4f (.text:SOC_deregisterSysIntListener)
                  000180f4    000000a8     libmmwavelink_xwr68xx.aer4f : rl_driver.oer4f (.text:rlDriverWaitForResponse)
                  0001819c    000000a8                                 : rl_sensor.oer4f (.text:rlSetAdvFrameConfig)
                  00018244    000000a4     libdma_xwr68xx.aer4f : dma.oer4f (.text:DMA_assignChannel)
                  000182e8    000000a4     libesm_xwr68xx.aer4f : esm.oer4f (.text:ESM_init)
                  0001838c    000000a4     libmmwave_xwr68xx.aer4f : mmwave_fullcfg.oer4f (.text:MMWave_addBpmChirp)
                  00018430    000000a4                             : mmwave.oer4f (.text:MMWave_start)
                  000184d4    000000a4     libqspiflash_xwr68xx.aer4f : qspiflash.oer4f (.text:QSPIFlash_mmapWrite)
                  00018578    000000a4     libsoc_xwr68xx.aer4f : soc_xwr68xx_mss.oer4f (.text:SOC_unhaltDSS)
                  0001861c    000000a4     rtsv7R4_T_le_v3D16_eabi.lib : k_sin.obj (.text)
                  000186c0    000000a2     sysbios.aer4ft : BIOS.obj (.text:xdc_runtime_Text_putSite__E)
                  00018762    00000002     --HOLE-- [fill = 0]
                  00018764    000000a0     libqspiflash_xwr68xx.aer4f : qspiflash.oer4f (.text:QSPIFlash_configMmapRead)
                  00018804    000000a0                                : qspiflash_device_macronix.oer4f (.text:QSPIFlash_macronix_progQuadRead)
                  000188a4    000000a0     libsoc_xwr68xx.aer4f : soc.oer4f (.text:SOC_registerSysIntListener)
                  00018944    000000a0     auto_init.aer4ft : auto_init.oer4ft (.text)
                  000189e4    0000000c     mmw_mss_per4ft.oer4ft (.text:ti_sysbios_knl_Queue_Object__get__S)
                  000189f0    000000a0     sysbios.aer4ft : BIOS.obj (.text:ti_sysbios_knl_Task_blockI__E)
                  00018a90    0000009c     libmmwave_xwr68xx.aer4f : mmwave_link.oer4f (.text:MMWave_configLink)
                  00018b2c    0000009c                             : mmwave_fullcfg.oer4f (.text:MMWave_getProfileHandle)
                  00018bc8    0000009c     mmw_cli.oer4f (.text:MmwDemo_CLIMeasureRangeBiasAndRxChanPhaseCfg)
                  00018c64    0000009c     libqspiflash_xwr68xx.aer4f : qspiflash_device_spansion.oer4f (.text:QSPIFlash_spansion_progQuadRead)
                  00018d00    0000009c     libuart_xwr68xx.aer4f : uartsci.oer4f (.text:UartSci_write)
                  00018d9c    0000009c     rtsv7R4_T_le_v3D16_eabi.lib : memcpy_t2.obj (.text)
                  00018e38    00000006     libosal_xwr68xx.aer4f : CycleprofilerP_tirtos.oer4f (.text:CycleprofilerP_getTimeStamp)
                  00018e3e    00000002     --HOLE-- [fill = 0]
                  00018e40    0000009c     sysbios.aer4ft : BIOS.obj (.text:ti_sysbios_family_arm_v7r_vim_Hwi_initIntController__I)
                  00018edc    00000004     libmmwave_xwr68xx.aer4f : mmwave_link.oer4f (.text:MMWave_waitIRQStatus)
                  00018ee0    0000009c     sysbios.aer4ft : BIOS.obj (.text:ti_sysbios_family_arm_v7r_vim_Hwi_mapChannel__I)
                  00018f7c    00000004     mss_main.oer4f (.text:MmwDemo_sleep)
                  00018f80    0000009c     sysbios.aer4ft : BIOS.obj (.text:ti_sysbios_knl_Semaphore_Instance_init__E)
                  0001901c    0000009a     libdpm_xwr68xx.aer4f : dpm_msg.oer4f (.text:DPM_msgResponseHandler)
                  000190b6    00000002     --HOLE-- [fill = 0]
                  000190b8    00000098     libmmwave_xwr68xx.aer4f : mmwave_fullcfg.oer4f (.text:MMWave_getChirpCfg)
                  00019150    00000098     mmwdemo_rfparser.oer4f (.text:MmwDemo_RFParser_parseConfig)
                  000191e8    00000098     rtsv7R4_T_le_v3D16_eabi.lib : fclose.obj (.text)
                  00019280    00000098                                 : fputc.obj (.text)
                  00019318    00000098     sysbios.aer4ft : vim_Hwi_asm_switch.obj (.text)
                  000193b0    00000098                    : BIOS.obj (.text:ti_sysbios_utils_Load_taskDeleteHook__E)
                  00019448    00000096     libedma_xwr68xx.aer4f : edma.oer4f (.text:EDMA_getErrorStatusInfo)
                  000194de    00000096     libhwa_xwr68xx.aer4f : hwa.oer4f (.text:HWA_configRam)
                  00019574    00000096     libuart_xwr68xx.aer4f : uartsci.oer4f (.text:UartSci_readChar)
                  0001960a    00000094     libcbuff_xwr68xx.aer4f : cbuff_transfer.oer4f (.text:CBUFF_setupNonInterleaved_ADC)
                  0001969e    00000002     --HOLE-- [fill = 0]
                  000196a0    00000094     mmw_lvds_stream.oer4f (.text:MmwDemo_LVDSStream_EDMAAllocateCBUFFHwChannel)
                  00019734    00000094     mmw_lvds_stream.oer4f (.text:MmwDemo_LVDSStream_EDMAAllocateCBUFFSwChannel)
                  000197c8    00000094     libsoc_xwr68xx.aer4f : soc_xwr68xx.oer4f (.text:SOC_gateClock)
                  0001985c    00000094     libmmwavelink_xwr68xx.aer4f : rl_driver.oer4f (.text:rlDriverDeInit)
                  000198f0    00000094                                 : rl_driver.oer4f (.text:rlDriverMsgReadCmdCtx)
                  00019984    00000094                                 : rl_driver.oer4f (.text:rlDriverProcRdMsg)
                  00019a18    00000094     sysbios.aer4ft : vim_Hwi_asm.obj (.text:ti_sysbios_family_arm_v7r_vim_Hwi_dispatchIRQ__I)
                  00019aac    00000090     libgpio_xwr68xx.aer4f : gpio.oer4f (.text:GPIO_init)
                  00019b3c    00000090     libmailbox_xwr68xx.aer4f : mailbox.oer4f (.text:Mailbox_close)
                  00019bcc    00000090     libuart_xwr68xx.aer4f : uartsci_dma.oer4f (.text:UartSci_initiateTxDMA)
                  00019c5c    00000090                           : uartsci.oer4f (.text:UartSci_read)
                  00019cec    00000004     mmw_mss_per4ft.oer4ft (.text:ti_sysbios_BIOS_RtsGateProxy_enter__E)
                  00019cf0    00000090     sysbios.aer4ft : BIOS.obj (.text:ti_sysbios_family_arm_v7a_Pmu_startCounter__E)
                  00019d80    00000090                    : BIOS.obj (.text:ti_sysbios_knl_Task_unblockI__E)
                  00019e10    00000090                    : BIOS.obj (.text:xdc_runtime_LoggerBuf_getFilterLevel__E)
                  00019ea0    0000008c     libcli_xwr68xx.aer4f : cli_mmwave.oer4f (.text:CLI_MMWaveDataOutputMode)
                  00019f2c    0000008c     libsoc_xwr68xx.aer4f : soc.oer4f (.text:SOC_init)
                  00019fb8    0000008c                          : soc_xwr68xx.oer4f (.text:SOC_translateAddress)
                  0001a044    0000008c     libuart_xwr68xx.aer4f : uartsci_dma.oer4f (.text:UartSci_initiateRxDMA)
                  0001a0d0    0000008c     libmmwavelink_xwr68xx.aer4f : rl_device.oer4f (.text:rlDevicePowerOn)
                  0001a15c    0000008c                                 : rl_driver.oer4f (.text:rlDriverMsgReadSpawnCtx)
                  0001a1e8    00000006     objdetrangehwa.oer4f (.text:DPC_ObjDetRangeHwa_GetRangeWinGenLen)
                  0001a1ee    00000002     --HOLE-- [fill = 0]
                  0001a1f0    0000008c     sysbios.aer4ft : BIOS.obj (.text:ti_sysbios_family_arm_v7a_Pmu_getCount__E)
                  0001a27c    00000004     mmw_mss_per4ft.oer4ft (.text:ti_sysbios_BIOS_RtsGateProxy_leave__E)
                  0001a280    0000008c     sysbios.aer4ft : BIOS.obj (.text:ti_sysbios_family_arm_v7r_vim_Hwi_Instance_finalize__E)
                  0001a30c    00000004     mmw_mss_per4ft.oer4ft (.text:ti_sysbios_family_arm_TaskSupport_Module__startupDone__S)
                  0001a310    0000008c     sysbios.aer4ft : BIOS.obj (.text:xdc_runtime_Memory_alloc__E)
                  0001a39c    00000088     libhwa_xwr68xx.aer4f : hwa.oer4f (.text:HWA_disableParamSetInterrupt)
                  0001a424    00000088     libmmwave_xwr68xx.aer4f : mmwave_fullcfg.oer4f (.text:MMWave_getProfileCfg)
                  0001a4ac    00000088     rtsv7R4_T_le_v3D16_eabi.lib : vsnprintf.obj (.text)
                  0001a534    00000086     libcbuff_xwr68xx.aer4f : cbuff_edma.oer4f (.text:CBUFF_closeEDMA)
                  0001a5ba    00000002     --HOLE-- [fill = 0]
                  0001a5bc    00000084     libmmwave_xwr68xx.aer4f : mmwave_dualcore.oer4f (.text:MMWave_deviceCfgAsyncEvent)
                  0001a640    00000084                             : mmwave_dualcore.oer4f (.text:MMWave_deviceEventFxn)
                  0001a6c4    00000084                             : mmwave_fullcfg.oer4f (.text:MMWave_getNumBpmChirp)
                  0001a748    00000084                             : mmwave.oer4f (.text:MMWave_open)
                  0001a7cc    00000082     libhwa_xwr68xx.aer4f : hwa.oer4f (.text:HWA_paramDoneISR)
                  0001a84e    00000002     --HOLE-- [fill = 0]
                  0001a850    00000081     libcbuff_xwr68xx.aer4f : cbuff_edma.oer4f (.text:CBUFF_setupEDMAShadowLink)
                  0001a8d1    00000003     --HOLE-- [fill = 0]
                  0001a8d4    00000080     libcli_xwr68xx.aer4f : cli_mmwave.oer4f (.text:CLI_MMWaveChannelCfg)
                  0001a954    00000080     libdpm_xwr68xx.aer4f : dpm_mailbox.oer4f (.text:DPM_mboxRemoteMailboxCallbackFxn)
                  0001a9d4    00000080     libmmwave_xwr68xx.aer4f : mmwave_fullcfg.oer4f (.text:MMWave_getBpmChirpCfg)
                  0001aa54    00000080     mmw_cli.oer4f (.text:MmwDemo_CLIAoAFovCfg)
                  0001aad4    00000080     libsoc_xwr68xx.aer4f : soc.oer4f (.text:SOC_getDeviceRFFreqScaleFactor)
                  0001ab54    00000080     libuart_xwr68xx.aer4f : uartsci.oer4f (.text:UartSci_writePolling)
                  0001abd4    00000080     libmmwavelink_xwr68xx.aer4f : rl_driver.oer4f (.text:rlDriverExecuteGetApi)
                  0001ac54    0000000a     libadcbuf_xwr68xx.aer4f : ADCBuf.oer4f (.text:ADCBuf_control)
                  0001ac5e    00000002     --HOLE-- [fill = 0]
                  0001ac60    00000080     sysbios.aer4ft : BIOS.obj (.text:ti_sysbios_timers_rti_Timer_initDevice__I)
                  0001ace0    0000007e     libosal_xwr68xx.aer4f : HwiP_tirtos.oer4f (.text:HwiP_create)
                  0001ad5e    00000002     --HOLE-- [fill = 0]
                  0001ad60    0000007d     libcbuff_xwr68xx.aer4f : cbuff_lvds.oer4f (.text:CBUFF_initLVDSLinkListParams)
                  0001addd    00000003     --HOLE-- [fill = 0]
                  0001ade0    0000007c     libdpm_xwr68xx.aer4f : dpm_pipe.oer4f (.text:DPM_pipeSend)
                  0001ae5c    0000007c     libedma_xwr68xx.aer4f : edma.oer4f (.text:EDMA_clearErrors)
                  0001aed8    0000007c     libmmwave_xwr68xx.aer4f : mmwave_dualcore.oer4f (.text:MMWave_deviceOpenFxn)
                  0001af54    0000007c     libmailbox_xwr68xx.aer4f : mailbox.oer4f (.text:Mailbox_init)
                  0001afd0    0000007c     mmw_lvds_stream.oer4f (.text:MmwDemo_LVDSStream_SwTriggerFrameDone)
                  0001b04c    0000007c     libuart_xwr68xx.aer4f : uartsci.oer4f (.text:UartSci_readPolling)
                  0001b0c8    0000007c     sysbios.aer4ft : arm_TaskSupport_asm.obj (.text:_ti_sysbios_family_arm_TaskSupport_buildTaskStack)
                  0001b144    0000000a     libadcbuf_xwr68xx.aer4f : ADCBuf.oer4f (.text:ADCBuf_getChanBufAddr)
                  0001b14e    00000002     --HOLE-- [fill = 0]
                  0001b150    0000007c     sysbios.aer4ft : BIOS.obj (.text:xdc_runtime_Core_deleteObject__I)
                  0001b1cc    0000007b     mmw_cli.oer4f (.text:MmwDemo_CLIGetSubframe)
                  0001b247    00000001     --HOLE-- [fill = 0]
                  0001b248    0000007a     rtsv7R4_T_le_v3D16_eabi.lib : memset_t2.obj (.text)
                  0001b2c2    00000002     --HOLE-- [fill = 0]
                  0001b2c4    00000078     libadcbuf_xwr68xx.aer4f : adcbuf_mmwave.oer4f (.text:ADCBUF_MMWave_getCQBufAddr)
                  0001b33c    00000078     libcbuff_xwr68xx.aer4f : cbuff_transfer.oer4f (.text:CBUFF_configUserBufferEDMA)
                  0001b3b4    00000078                            : cbuff.oer4f (.text:CBUFF_setVC)
                  0001b42c    00000078     libcli_xwr68xx.aer4f : cli_mmwave.oer4f (.text:CLI_MMWaveADCCfg)
                  0001b4a4    00000078     libedma_xwr68xx.aer4f : edma.oer4f (.text:EDMA_configParamSet)
                  0001b51c    00000078     libmmwave_xwr68xx.aer4f : mmwave_fullcfg.oer4f (.text:MMWave_getNumChirps)
                  0001b594    00000078     libqspiflash_xwr68xx.aer4f : qspiflash.oer4f (.text:QSPIFlash_mmapRead)
                  0001b60c    00000078                                : qspiflash.oer4f (.text:QSPIFlash_sectorErase)
                  0001b684    00000078     libqspi_xwr68xx.aer4f : qspi.oer4f (.text:QSPI_cfgRead)
                  0001b6fc    00000077                           : qspi.oer4f (.text:QSPI_memAccessCfg)
                  0001b773    00000001     --HOLE-- [fill = 0]
                  0001b774    00000074     libmmwave_xwr68xx.aer4f : mmwave.oer4f (.text:MMWave_config)
                  0001b7e8    00000074                             : mmwave_dualcore.oer4f (.text:MMWave_deviceStartFxn)
                  0001b85c    00000074     boot.aer4ft : boot.oer4ft (.text)
                  0001b8d0    00000074     libmmwavelink_xwr68xx.aer4f : rl_driver.oer4f (.text:rlDriverAsyncEventHandler)
                  0001b944    00000074     rtsv7R4_T_le_v3D16_eabi.lib : getdevice.obj (.text)
                  0001b9b8    00000074                                 : s_frexp.obj (.text)
                  0001ba2c    00000072     libmmwavelink_xwr68xx.aer4f : rl_driver.oer4f (.text:rlDriverClientCbCheck)
                  0001ba9e    00000002     --HOLE-- [fill = 0]
                  0001baa0    00000070     libhsiheader_xwr68xx.aer4f : hsiheader.oer4f (.text:HSIHeader_deleteHeader)
                  0001bb10    00000070     libhwa_xwr68xx.aer4f : hwa.oer4f (.text:HWA_getDriverAccess)
                  0001bb80    00000070     libmmwave_xwr68xx.aer4f : mmwave_dualcore.oer4f (.text:MMWave_deviceCfgFxn)
                  0001bbf0    00000070     mmw_cli.oer4f (.text:MmwDemo_CLIGuiMonSel)
                  0001bc60    00000070     mmwdemo_flash.oer4f (.text:mmwDemo_flashInit)
                  0001bcd0    00000070     sysbios.aer4ft : BIOS.obj (.text:xdc_runtime_Error_print__E)
                  0001bd40    0000006c     libdma_xwr68xx.aer4f : dma.oer4f (.text:DMA_disableChannel)
                  0001bdac    0000006c                          : dma.oer4f (.text:DMA_enableChannel)
                  0001be18    0000006c     libdpm_xwr68xx.aer4f : dpm_core.oer4f (.text:DPM_relayResult)
                  0001be84    0000006c     libmmwave_xwr68xx.aer4f : mmwave_link.oer4f (.text:MMWave_spawn)
                  0001bef0    0000006c                             : mmwave_link.oer4f (.text:MMWave_stopLink)
                  0001bf5c    0000006c     mmw_lvds_stream.oer4f (.text:MmwDemo_LVDSStream_EDMAFreeCBUFFHwChannel)
                  0001bfc8    0000006c     mmw_lvds_stream.oer4f (.text:MmwDemo_LVDSStream_EDMAFreeCBUFFSwChannel)
                  0001c034    0000006c     mmw_lvds_stream.oer4f (.text:MmwDemo_LVDSStream_HwTriggerFrameDone)
                  0001c0a0    0000006c     libpinmux_xwr68xx.aer4f : pinmux.oer4f (.text:Pinmux_Set_FuncSel)
                  0001c10c    0000006c     libqspiflash_xwr68xx.aer4f : qspiflash.oer4f (.text:QSPIFlashReadSFDP)
                  0001c178    0000006c     libqspi_xwr68xx.aer4f : qspi.oer4f (.text:QSPI_cfgWrite)
                  0001c1e4    0000006c     rtsv7R4_T_le_v3D16_eabi.lib : copy_decompress_lzss.obj (.text:decompress:lzss)
                  0001c250    0000006c                                 : trgmsg.obj (.text)
                  0001c2bc    0000006a     libuart_xwr68xx.aer4f : uartsci.oer4f (.text:UartSci_control)
                  0001c326    00000002     --HOLE-- [fill = 0]
                  0001c328    00000068     libdpm_xwr68xx.aer4f : dpm_msg.oer4f (.text:DPM_msgDPCCfgHandler)
                  0001c390    00000068     libmmwave_xwr68xx.aer4f : mmwave_dualcore.oer4f (.text:MMWave_deviceStopFxn)
                  0001c3f8    00000068     libmailbox_xwr68xx.aer4f : mailbox.oer4f (.text:Mailbox_readFlush)
                  0001c460    00000068     mss_main.oer4f (.text:MmwDemo_convertCfarToLinear)
                  0001c4c8    00000068     librangeproc_hwa_xwr68xx.aer4f : rangeprochwa.oer4f (.text:rangeProcHWA_ConfigEDMATranspose)
                  0001c530    00000068                                    : rangeprochwa.oer4f (.text:rangeProcHWA_ConfigHWACommon)
                  0001c598    00000068     libmmwavelink_xwr68xx.aer4f : rl_driver.oer4f (.text:rlDriverExecuteSetApi)
                  0001c600    00000068                                 : rl_driver.oer4f (.text:rlDriverHostIrqHandler)
                  0001c668    00000068     rtsv7R4_T_le_v3D16_eabi.lib : hostlseek.obj (.text)
                  0001c6d0    00000068                                 : hostrename.obj (.text)
                  0001c738    00000066     libmmwavelink_xwr68xx.aer4f : rl_device.oer4f (.text:rlDevicePowerOff)
                  0001c79e    00000002     --HOLE-- [fill = 0]
                  0001c7a0    00000064     libcli_xwr68xx.aer4f : cli_mmwave.oer4f (.text:CLI_MMWaveLowPowerCfg)
                  0001c804    00000064     libedma_xwr68xx.aer4f : edma.oer4f (.text:EDMA_getTransferControllerErrorStatusInfo)
                  0001c868    00000064     libhwa_xwr68xx.aer4f : hwa.oer4f (.text:HWA_getDMAChanIndex)
                  0001c8cc    00000064     libosal_xwr68xx.aer4f : SemaphoreP_tirtos.oer4f (.text:SemaphoreP_create)
                  0001c930    00000064     rtsv7R4_T_le_v3D16_eabi.lib : fseek.obj (.text)
                  0001c994    00000064                                 : sprintf.obj (.text)
                  0001c9f8    00000064     sysbios.aer4ft : exc_Exception_asm.obj (.text:ti_sysbios_family_arm_exc_Exception_initCore0__I)
                  0001ca5c    00000004     mmw_mss_per4ft.oer4ft (.text:ti_sysbios_family_arm_v7r_vim_Hwi_delete)
                  0001ca60    00000064     sysbios.aer4ft : BIOS.obj (.text:ti_sysbios_family_arm_v7r_vim_Hwi_phantomIntHandler__I)
                  0001cac4    0000000a     libcbuff_xwr68xx.aer4f : cbuff_lvds.oer4f (.text:CBUFF_deinitLVDS)
                  0001cace    00000002     --HOLE-- [fill = 0]
                  0001cad0    00000064     sysbios.aer4ft : BIOS.obj (.text:ti_sysbios_knl_Clock_logTick__E)
                  0001cb34    0000000a     libdpm_xwr68xx.aer4f : dpm_core.oer4f (.text:DPM_chirpISR)
                  0001cb3e    00000002     --HOLE-- [fill = 0]
                  0001cb40    00000064     sysbios.aer4ft : BIOS.obj (.text:ti_sysbios_utils_Load_logCPULoad__I)
                  0001cba4    0000000a     libdpm_xwr68xx.aer4f : dpm_core.oer4f (.text:DPM_frameStartISR)
                  0001cbae    00000002     --HOLE-- [fill = 0]
                  0001cbb0    00000064     sysbios.aer4ft : BIOS.obj (.text:xdc_runtime_Startup_exec__E)
                  0001cc14    00000062     mmw_cli.oer4f (.text:MmwDemo_CLICfarFovCfg)
                  0001cc76    00000002     --HOLE-- [fill = 0]
                  0001cc78    00000060     libcli_xwr68xx.aer4f : cli_mmwave.oer4f (.text:CLI_MMWaveExtensionHandler)
                  0001ccd8    00000060     libosal_xwr68xx.aer4f : DebugP_tirtos.oer4f (.text:DebugP_log2)
                  0001cd38    00000060                           : DebugP_tirtos.oer4f (.text:DebugP_log3)
                  0001cd98    00000060     mss_main.oer4f (.text:MmwDemo_mmWaveCtrlTask)
                  0001cdf8    00000006     libdpm_xwr68xx.aer4f : dpm_mailbox.oer4f (.text:DPM_mboxSynch)
                  0001cdfe    00000002     --HOLE-- [fill = 0]
                  0001ce00    00000060     sysbios.aer4ft : BIOS.obj (.text:ti_sysbios_heaps_HeapMem_alloc__E)
                  0001ce60    00000060                    : BIOS.obj (.text:xdc_runtime_Assert_raise__I)
                  0001cec0    0000005f                    : BIOS.obj (.text:xdc_runtime_Text_putLab__E)
                  0001cf1f    00000001     --HOLE-- [fill = 0]
                  0001cf20    0000005e     libuart_xwr68xx.aer4f : uartsci.oer4f (.text:UartSci_writeChar)
                  0001cf7e    00000002     --HOLE-- [fill = 0]
                  0001cf80    0000005c     libmmwave_xwr68xx.aer4f : mmwave_link.oer4f (.text:MMWave_mboxOpen)
                  0001cfdc    0000005c                             : mmwave.oer4f (.text:MMWave_stop)
                  0001d038    0000005c     mss_main.oer4f (.text:MmwDemo_EDMA_errorCallbackFxn)
                  0001d094    0000005c     mss_main.oer4f (.text:MmwDemo_EDMA_transferControllerErrorCallbackFxn)
                  0001d0f0    0000005c     libqspiflash_xwr68xx.aer4f : qspiflash.oer4f (.text:QSPIFlashGetDeviceID)
                  0001d14c    0000005c     libsoc_xwr68xx.aer4f : soc.oer4f (.text:SOC_enableLVDS)
                  0001d1a8    0000005c     rtsv7R4_T_le_v3D16_eabi.lib : hostopen.obj (.text)
                  0001d204    0000005c                                 : hostread.obj (.text)
                  0001d260    0000005c     sysbios.aer4ft : BIOS.obj (.text:ti_sysbios_utils_Load_updateCurrentThreadTime__E)
                  0001d2bc    0000005a     libuart_xwr68xx.aer4f : uartsci.oer4f (.text:UartSci_readCancel)
                  0001d316    0000005a     libmmwavelink_xwr68xx.aer4f : rl_driver.oer4f (.text:rlDriverCalChkSum)
                  0001d370    00000058     libdpm_xwr68xx.aer4f : dpm_core.oer4f (.text:DPM_execute)
                  0001d3c8    00000058                          : dpm_mailbox.oer4f (.text:DPM_mboxInit)
                  0001d420    00000058     libosal_xwr68xx.aer4f : DebugP_tirtos.oer4f (.text:DebugP_log0)
                  0001d478    00000058                           : DebugP_tirtos.oer4f (.text:DebugP_log1)
                  0001d4d0    00000058     libedma_xwr68xx.aer4f : edma_low_level.oer4f (.text:EDMA3EnableChInShadowReg)
                  0001d528    00000058     libesm_xwr68xx.aer4f : esm.oer4f (.text:ESM_highpriority_FIQ)
                  0001d580    00000058     libhwa_xwr68xx.aer4f : hwa.oer4f (.text:HWA_getDMAconfig)
                  0001d5d8    00000058     libmmwave_xwr68xx.aer4f : mmwave.oer4f (.text:MMWave_execute)
                  0001d630    00000058                             : mmwave_link.oer4f (.text:MMWave_initCRC)
                  0001d688    00000058     mmw_cli.oer4f (.text:MmwDemo_CLISensorStop)
                  0001d6e0    00000058     libqspiflash_xwr68xx.aer4f : qspiflash.oer4f (.text:QSPIFlash_configMmapWrite)
                  0001d738    00000058     libuart_xwr68xx.aer4f : uartsci_dma.oer4f (.text:UartSci_closeDMA)
                  0001d790    00000058     mmwdemo_flash.oer4f (.text:mmwDemo_flashRead)
                  0001d7e8    00000058     rtsv7R4_T_le_v3D16_eabi.lib : close.obj (.text)
                  0001d840    00000058                                 : hostwrite.obj (.text)
                  0001d898    00000056     libmmwavelink_xwr68xx.aer4f : rl_driver.oer4f (.text:rlDriverOsiCbCheck)
                  0001d8ee    00000002     --HOLE-- [fill = 0]
                  0001d8f0    00000054     libcrc_xwr68xx.aer4f : crc.oer4f (.text:CRC_getTransactionId)
                  0001d944    00000054     libdma_xwr68xx.aer4f : dma.oer4f (.text:DMA_freeChannel)
                  0001d998    00000054     libedma_xwr68xx.aer4f : edma.oer4f (.text:EDMA_error_isr)
                  0001d9ec    00000054     libmmwave_xwr68xx.aer4f : mmwave_link.oer4f (.text:MMWave_initLink)
                  0001da40    00000054     mss_main.oer4f (.text:MmwDemo_CfgUpdate)
                  0001da94    00000054     mss_main.oer4f (.text:MmwDemo_resetStaticCfgPendingState)
                  0001dae8    00000054     libqspiflash_xwr68xx.aer4f : qspiflash.oer4f (.text:QSPIFlash_writeEnable)
                  0001db3c    00000054     rtsv7R4_T_le_v3D16_eabi.lib : ltoa.obj (.text)
                  0001db90    00000054     mmw_mss_per4ft.oer4ft (.text:ti_sysbios_family_arm_v7r_vim_Hwi_create)
                  0001dbe4    0000000a     libosal_xwr68xx.aer4f : MemoryP_tirtos.oer4f (.text:MemoryP_ctrlFree)
                  0001dbee    00000002     --HOLE-- [fill = 0]
                  0001dbf0    00000054     sysbios.aer4ft : BIOS.obj (.text:ti_sysbios_heaps_HeapMem_getStats__E)
                  0001dc44    0000000a     libosal_xwr68xx.aer4f : SemaphoreP_tirtos.oer4f (.text:SemaphoreP_post)
                  0001dc4e    00000002     --HOLE-- [fill = 0]
                  0001dc50    00000054     sysbios.aer4ft : BIOS.obj (.text:xdc_runtime_Core_assignLabel__I)
                  0001dca4    00000052     libdpedma_hwa_xwr68xx.aer4f : dpedma.oer4f (.text:DPEDMA_setup_shadow_link)
                  0001dcf6    00000002     --HOLE-- [fill = 0]
                  0001dcf8    00000050     libcrc_xwr68xx.aer4f : crc.oer4f (.text:CRC_getSignature)
                  0001dd48    00000050     libdpm_xwr68xx.aer4f : dpm_core.oer4f (.text:DPM_synch)
                  0001dd98    00000050     libedma_xwr68xx.aer4f : edma_low_level.oer4f (.text:EDMA3MapChToEvtQ)
                  0001dde8    00000050     libmmwave_xwr68xx.aer4f : mmwave.oer4f (.text:MMWave_sync)
                  0001de38    00000050     mmw_cli.oer4f (.text:MmwDemo_CLIMultiObjBeamForming)
                  0001de88    00000050     mmw_cli.oer4f (.text:MmwDemo_CLIQueryDemoStatus)
                  0001ded8    00000050     mss_main.oer4f (.text:mmwDemo_mssDPMTask)
                  0001df28    00000050     libmmwavelink_xwr68xx.aer4f : rl_driver.oer4f (.text:rlDeviceIdentifyCmdDir)
                  0001df78    00000050                                 : rl_driver.oer4f (.text:rlDriverVerifyCRC)
                  0001dfc8    00000050     rtsv7R4_T_le_v3D16_eabi.lib : atoi.obj (.text)
                  0001e018    00000050                                 : exit.obj (.text)
                  0001e068    00000050                                 : u_div32.obj (.text)
                  0001e0b8    00000006     libedma_xwr68xx.aer4f : edma_low_level.oer4f (.text:EDMA3ClrCCErr)
                  0001e0be    00000002     --HOLE-- [fill = 0]
                  0001e0c0    00000050     sysbios.aer4ft : BIOS.obj (.text:xdc_runtime_System_exit__E)
                  0001e110    0000004c     libcli_xwr68xx.aer4f : cli.oer4f (.text:CLI_write)
                  0001e15c    0000004c     libedma_xwr68xx.aer4f : edma.oer4f (.text:EDMA_disableChannel)
                  0001e1a8    0000004c                           : edma.oer4f (.text:EDMA_enableChannel)
                  0001e1f4    0000004c     libhwa_xwr68xx.aer4f : hwa.oer4f (.text:HWA_enableDoneInterrupt)
                  0001e240    0000004c     libmailbox_xwr68xx.aer4f : mailbox.oer4f (.text:Mailbox_boxEmptyISRProcessing)
                  0001e28c    0000004c     mmw_lvds_stream.oer4f (.text:MmwDemo_LVDSStream_EDMAAllocateCBUFFChannel)
                  0001e2d8    0000004c     libqspiflash_xwr68xx.aer4f : qspiflash_device_macronix.oer4f (.text:QSPIFlash_macronix_init)
                  0001e324    0000004c     libuart_xwr68xx.aer4f : uartsci.oer4f (.text:UartSci_writeCancel)
                  0001e370    0000004c     rtsv7R4_T_le_v3D16_eabi.lib : cpy_tbl.obj (.text)
                  0001e3bc    00000004     mmw_mss_per4ft.oer4ft (.text:ti_sysbios_heaps_HeapMem_Module_GateProxy_enter__E)
                  0001e3c0    0000004c     sysbios.aer4ft : BIOS.obj (.text:ti_sysbios_family_arm_v7r_vim_Hwi_getStackInfo__E)
                  0001e40c    0000004c     mmw_mss_per4ft.oer4ft (.text:ti_sysbios_knl_Task_create)
                  0001e458    00000006     libedma_xwr68xx.aer4f : edma_low_level.oer4f (.text:EDMA3ErrIntrHighStatusGet)
                  0001e45e    00000002     --HOLE-- [fill = 0]
                  0001e460    0000004c     sysbios.aer4ft : BIOS.obj (.text:ti_sysbios_knl_Task_stat__E)
                  0001e4ac    00000004     mmw_mss_per4ft.oer4ft (.text:ti_sysbios_heaps_HeapMem_Module_GateProxy_leave__E)
                  0001e4b0    0000004c     sysbios.aer4ft : BIOS.obj (.text:ti_sysbios_utils_Load_taskSwitchHook__E)
                  0001e4fc    0000004a     libdpm_xwr68xx.aer4f : dpm_mailbox.oer4f (.text:DPM_mboxSendResult)
                  0001e546    0000004a     libmailbox_xwr68xx.aer4f : mailbox.oer4f (.text:Mailbox_boxFullISRProcessing)
                  0001e590    0000004a     sysbios.aer4ft : BIOS.obj (.text:xdc_runtime_Core_assignParams__I)
                  0001e5da    00000006     libedma_xwr68xx.aer4f : edma_low_level.oer4f (.text:EDMA3GetCCErrStatus)
                  0001e5e0    0000004a     sysbios.aer4ft : BIOS.obj (.text:xdc_runtime_Text_xprintf__I)
                  0001e62a    00000048     libcbuff_xwr68xx.aer4f : cbuff_transfer.oer4f (.text:CBUFF_setup_USER)
                  0001e672    00000048     libdpm_xwr68xx.aer4f : dpm_pipe.oer4f (.text:DPM_pipeRecv)
                  0001e6ba    00000002     --HOLE-- [fill = 0]
                  0001e6bc    00000048     libhwa_xwr68xx.aer4f : hwa.oer4f (.text:HWA_deleteInstance)
                  0001e704    00000048     mmwdemo_flash.oer4f (.text:mmwDemo_flashWrite)
                  0001e74c    00000048     libmmwavelink_xwr68xx.aer4f : rl_device.oer4f (.text:rlDeviceGetVersion)
                  0001e794    00000048                                 : rl_driver.oer4f (.text:rlDriverOsiInit)
                  0001e7dc    00000048     mmw_mss_per4ft.oer4ft (.text:xdc_runtime_LoggerBuf_Object__create__S)
                  0001e824    00000046     libmailbox_xwr68xx.aer4f : mailbox.oer4f (.text:CSL_FINSR)
                  0001e86a    00000002     --HOLE-- [fill = 0]
                  0001e86c    00000044     libadcbuf_xwr68xx.aer4f : adcbuf_mmwave.oer4f (.text:ADCBUF_MMWave_close)
                  0001e8b0    00000044     libcrc_xwr68xx.aer4f : crc.oer4f (.text:CRC_resetSignature)
                  0001e8f4    00000044     libdpm_xwr68xx.aer4f : dpm_core.oer4f (.text:DPM_start)
                  0001e938    00000044                          : dpm_core.oer4f (.text:DPM_stop)
                  0001e97c    00000044     libmailbox_xwr68xx.aer4f : mailbox.oer4f (.text:Mailbox_boxFullISRMssDss)
                  0001e9c0    00000044     libsoc_xwr68xx.aer4f : soc_xwr68xx_mss.oer4f (.text:SOC_resetDMA)
                  0001ea04    00000044     rtsv7R4_T_le_v3D16_eabi.lib : hostclose.obj (.text)
                  0001ea48    00000044                                 : hostunlink.obj (.text)
                  0001ea8c    00000004     mmw_mss_per4ft.oer4ft (.text:ti_sysbios_knl_Clock_TimerProxy_getMaxTicks__E)
                  0001ea90    00000044     sysbios.aer4ft : BIOS.obj (.text:ti_sysbios_family_arm_v7r_tms570_Core_Module_startup__E)
                  0001ead4    0000000a     libuart_xwr68xx.aer4f : UART.oer4f (.text:UART_close)
                  0001eade    00000002     --HOLE-- [fill = 0]
                  0001eae0    00000044     sysbios.aer4ft : BIOS.obj (.text:ti_sysbios_knl_Task_allBlockedFunction__I)
                  0001eb24    0000000a     libuart_xwr68xx.aer4f : UART.oer4f (.text:UART_read)
                  0001eb2e    00000002     --HOLE-- [fill = 0]
                  0001eb30    00000044     sysbios.aer4ft : BIOS.obj (.text:xdc_runtime_LoggerBuf_Module_startup__E)
                  0001eb74    0000000a     libuart_xwr68xx.aer4f : UART.oer4f (.text:UART_write)
                  0001eb7e    00000002     --HOLE-- [fill = 0]
                  0001eb80    00000044     sysbios.aer4ft : BIOS.obj (.text:xdc_runtime_System_atexit__E)
                  0001ebc4    00000042     libcbuff_xwr68xx.aer4f : cbuff_lvds.oer4f (.text:CBUFF_closeLVDS)
                  0001ec06    00000042     libedma_xwr68xx.aer4f : edma.oer4f (.text:EDMA_transferController_error_isr)
                  0001ec48    00000042     libhwa_xwr68xx.aer4f : hwa.oer4f (.text:HWA_reset)
                  0001ec8a    00000042     libmmwave_xwr68xx.aer4f : mmwave_link.oer4f (.text:MMWave_executeLink)
                  0001eccc    00000042     libmmwavelink_xwr68xx.aer4f : rl_controller.oer4f (.text:rlGetSubBlock)
                  0001ed0e    00000002     --HOLE-- [fill = 0]
                  0001ed10    00000040     libedma_xwr68xx.aer4f : edma.oer4f (.text:EDMA_linkParamSets)
                  0001ed50    00000040     libhwa_xwr68xx.aer4f : hwa.oer4f (.text:HWA_getHWAMemInfo)
                  0001ed90    00000040     mmw_cli.oer4f (.text:MmwDemo_CLIClutterRemoval)
                  0001edd0    00000040     mmw_cli.oer4f (.text:MmwDemo_CLIExtendedMaxVelocity)
                  0001ee10    00000040     libqspiflash_xwr68xx.aer4f : qspiflash.oer4f (.text:QSPIFlash_progQuadRead)
                  0001ee50    00000040                                : qspiflash_device_spansion.oer4f (.text:QSPIFlash_spansion_init)
                  0001ee90    00000040     libmmwavelink_xwr68xx.aer4f : rl_driver.oer4f (.text:rlDriverValidateHdr)
                  0001eed0    00000040     rtsv7R4_T_le_v3D16_eabi.lib : strtok.obj (.text)
                  0001ef10    00000040     sysbios.aer4ft : BIOS.obj (.text:ti_sysbios_timers_rti_Timer_stop__E)
                  0001ef50    0000003e     libadcbuf_xwr68xx.aer4f : adcbuf_mmwave.oer4f (.text:CSL_FINSR)
                  0001ef8e    0000003e     libcbuff_xwr68xx.aer4f : cbuff.oer4f (.text:CSL_FINSR)
                  0001efcc    0000003e                            : cbuff_lvds.oer4f (.text:CSL_FINSR)
                  0001f00a    0000003e     libcrc_xwr68xx.aer4f : crc.oer4f (.text:CSL_FINSR)
                  0001f048    0000003e     libdma_xwr68xx.aer4f : dma.oer4f (.text:CSL_FINSR)
                  0001f086    0000003e     libgpio_xwr68xx.aer4f : gpio.oer4f (.text:CSL_FINSR)
                  0001f0c4    0000003e     libhwa_xwr68xx.aer4f : hwa.oer4f (.text:CSL_FINSR)
                  0001f102    0000003e     libpinmux_xwr68xx.aer4f : pinmux.oer4f (.text:CSL_FINSR)
                  0001f140    0000003e     libqspi_xwr68xx.aer4f : qspi.oer4f (.text:CSL_FINSR)
                  0001f17e    0000003e     libsoc_xwr68xx.aer4f : soc.oer4f (.text:CSL_FINSR)
                  0001f1bc    0000003e                          : soc_xwr68xx.oer4f (.text:CSL_FINSR)
                  0001f1fa    0000003e                          : soc_xwr68xx_mss.oer4f (.text:CSL_FINSR)
                  0001f238    0000003e     libuart_xwr68xx.aer4f : uartsci.oer4f (.text:CSL_FINSR)
                  0001f276    0000003e     libdpm_xwr68xx.aer4f : dpm_msg.oer4f (.text:DPM_msgStopHandler)
                  0001f2b4    0000003e     libhwa_xwr68xx.aer4f : hwa.oer4f (.text:HWA_enable)
                  0001f2f2    0000003e     libmmwave_xwr68xx.aer4f : mmwave.oer4f (.text:MMWave_decodeError)
                  0001f330    0000003e     libuart_xwr68xx.aer4f : uartsci.oer4f (.text:UartSci_close)
                  0001f36e    0000003e     mmwdemo_monitor.oer4f (.text:mmwDemo_cfgAnalogMonitor)
                  0001f3ac    0000003c     libcbuff_xwr68xx.aer4f : cbuff_transfer.oer4f (.text:CBUFF_configCQEDMA)
                  0001f3e8    0000003c     libcli_xwr68xx.aer4f : cli_mmwave.oer4f (.text:CLI_MMWaveFlushCfg)
                  0001f424    0000003c     libedma_xwr68xx.aer4f : edma.oer4f (.text:EDMA_chainChannels)
                  0001f460    0000003c     libmailbox_xwr68xx.aer4f : mailbox.oer4f (.text:Mailbox_writeReset)
                  0001f49c    0000003c     libsoc_xwr68xx.aer4f : soc_xwr68xx_mss.oer4f (.text:SOC_isSecureDevice)
                  0001f4d8    0000003c                          : soc.oer4f (.text:SOC_unhaltBSS)
                  0001f514    0000003c     sysbios.aer4ft : vim_Hwi_asm.obj (.text:ti_sysbios_family_arm_v7r_vim_Hwi_init__I)
                  0001f550    0000003c                    : BIOS.obj (.text:ti_sysbios_hal_Hwi_checkStack)
                  0001f58c    00000004     mmw_mss_per4ft.oer4ft (.text:ti_sysbios_knl_Semaphore_delete)
                  0001f590    0000003c     sysbios.aer4ft : BIOS.obj (.text:ti_sysbios_heaps_HeapMem_init__I)
                  0001f5cc    0000003a     libhwa_xwr68xx.aer4f : hwa.oer4f (.text:HWA_setDMA2ACCManualTrig)
                  0001f606    00000002     --HOLE-- [fill = 0]
                  0001f608    0000003a     libosal_xwr68xx.aer4f : HwiP_tirtos.oer4f (.text:HwiP_delete)
                  0001f642    00000038     libcbuff_xwr68xx.aer4f : cbuff_transfer.oer4f (.text:CBUFF_addUserBufferLLEntry)
                  0001f67a    00000038                            : cbuff_transfer.oer4f (.text:CBUFF_setupHeader)
                  0001f6b2    00000002     --HOLE-- [fill = 0]
                  0001f6b4    00000038     libcli_xwr68xx.aer4f : cli_mmwave.oer4f (.text:CLI_MMWaveExtensionInit)
                  0001f6ec    00000038     objdetrangehwa.oer4f (.text:DPC_ObjectDetection_deinit)
                  0001f724    00000038     libdpm_xwr68xx.aer4f : dpm_core.oer4f (.text:DPM_notifyExecute)
                  0001f75c    00000038     libedma_xwr68xx.aer4f : edma_low_level.oer4f (.text:EDMA3ClrMissEvt)
                  0001f794    00000038     libuart_xwr68xx.aer4f : UART.oer4f (.text:UART_init)
                  0001f7cc    00000036     libmmwavelink_xwr68xx.aer4f : rl_controller.oer4f (.text:rlAppendSubBlock)
                  0001f802    00000036     rtsv7R4_T_le_v3D16_eabi.lib : strncpy.obj (.text)
                  0001f838    00000034     libadcbuf_xwr68xx.aer4f : ADCBuf.oer4f (.text:ADCBuf_open)
                  0001f86c    00000034     libedma_xwr68xx.aer4f : edma.oer4f (.text:EDMA_configTransferControllerError)
                  0001f8a0    00000034     libhwa_xwr68xx.aer4f : hwa.oer4f (.text:HWA_disableDoneInterrupt)
                  0001f8d4    00000034     libmmwave_xwr68xx.aer4f : mmwave_link.oer4f (.text:MMWave_mboxWrite)
                  0001f908    00000034     libsoc_xwr68xx.aer4f : soc_xwr68xx.oer4f (.text:SOC_enableHWA)
                  0001f93c    00000034                          : soc_xwr68xx_mss.oer4f (.text:SOC_hasDSPCore)
                  0001f970    00000034                          : soc_xwr68xx.oer4f (.text:SOC_setMMWaveDSSLinkState)
                  0001f9a4    00000034                          : soc_xwr68xx.oer4f (.text:SOC_setMMWaveMSSLinkState)
                  0001f9d8    00000034                          : soc_xwr68xx.oer4f (.text:SOC_setMSSLinkState)
                  0001fa0c    00000034     libuart_xwr68xx.aer4f : UART.oer4f (.text:UART_open)
                  0001fa40    00000034     sysbios.aer4ft : BIOS.obj (.text:ti_sysbios_family_arm_a15_TimestampProvider_get64__E)
                  0001fa74    00000034     mmw_mss_per4ft.oer4ft (.text:ti_sysbios_knl_Semaphore_create)
                  0001faa8    00000032     libcrc_xwr68xx.aer4f : crc.oer4f (.text:CRC_getCRCDataSelectBitValue)
                  0001fada    00000002     --HOLE-- [fill = 0]
                  0001fadc    00000032                          : crc.oer4f (.text:CRC_getCRCTypeBitValue)
                  0001fb0e    00000032     libedma_xwr68xx.aer4f : edma.oer4f (.text:EDMA_configQueueThreshold)
                  0001fb40    00000032     libhwa_xwr68xx.aer4f : hwa.oer4f (.text:HWA_allParamDoneISR)
                  0001fb72    0000000e     libosal_xwr68xx.aer4f : SemaphoreP_tirtos.oer4f (.text:SemaphoreP_delete)
                  0001fb80    00000032     sysbios.aer4ft : BIOS.obj (.text:ti_sysbios_hal_Hwi_initStack)
                  0001fbb2    00000002     --HOLE-- [fill = 0]
                  0001fbb4    00000030     libadcbuf_xwr68xx.aer4f : ADCBuf.oer4f (.text:ADCBuf_init)
                  0001fbe4    00000030     libcbuff_xwr68xx.aer4f : cbuff_transfer.oer4f (.text:CBUFF_addCQLLEntry)
                  0001fc14    00000030     libmmwave_xwr68xx.aer4f : mmwave_listlib.oer4f (.text:MMWave_listRemoveNode)
                  0001fc44    00000030     libsoc_xwr68xx.aer4f : soc.oer4f (.text:SOC_getDevicePartNumber)
                  0001fc74    00000030     libmmwavelink_xwr68xx.aer4f : rl_sensor.oer4f (.text:rlSensorStart)
                  0001fca4    00000030     mmw_mss_per4ft.oer4ft (.text:ti_sysbios_BIOS_startFunc__I)
                  0001fcd4    0000000a     libuart_xwr68xx.aer4f : UART.oer4f (.text:UART_writePolling)
                  0001fcde    00000002     --HOLE-- [fill = 0]
                  0001fce0    00000030     sysbios.aer4ft : BIOS.obj (.text:ti_sysbios_family_arm_TaskSupport_start__E)
                  0001fd10    00000030     mmw_mss_per4ft.oer4ft (.text:ti_sysbios_gates_GateHwi_Object__create__S)
                  0001fd40    00000030     mmw_mss_per4ft.oer4ft (.text:ti_sysbios_gates_GateMutex_Object__create__S)
                  0001fd70    00000030     mmw_mss_per4ft.oer4ft (.text:ti_sysbios_heaps_HeapMem_Object__create__S)
                  0001fda0    00000030     sysbios.aer4ft : BIOS.obj (.text:ti_sysbios_heaps_HeapMem_free__E)
                  0001fdd0    00000030     mmw_mss_per4ft.oer4ft (.text:ti_sysbios_knl_Semaphore_construct)
                  0001fe00    0000002f     sysbios.aer4ft : BIOS.obj (.text:xdc_runtime_Text_printVisFxn__I)
                  0001fe2f    00000001     --HOLE-- [fill = 0]
                  0001fe30    0000002e     libdpm_xwr68xx.aer4f : dpm_msg.oer4f (.text:DPM_msgStartHandler)
                  0001fe5e    0000002e     objdetrangehwa.oer4f (.text:_DPC_Objdet_Assert)
                  0001fe8c    00000004     mmw_mss_per4ft.oer4ft (.text:xdc_runtime_LoggerBuf_Module_GateProxy_enter__E)
                  0001fe90    0000002e     sysbios.aer4ft : BIOS.obj (.text:ti_sysbios_knl_Semaphore_pendTimeout__I)
                  0001febe    0000002e     mmw_mss_per4ft.oer4ft (.text:ti_sysbios_rts_MemAlloc_alloc)
                  0001feec    0000002c     libdpm_xwr68xx.aer4f : dpm_pipe.oer4f (.text:DPM_pipeInit)
                  0001ff18    0000002c     libedma_xwr68xx.aer4f : edma.oer4f (.text:EDMA_validate_channelIdchannelType)
                  0001ff44    0000002c     libgpio_xwr68xx.aer4f : gpio.oer4f (.text:GPIO_HighPriorityISR)
                  0001ff70    0000002c                           : gpio.oer4f (.text:GPIO_LowPriorityISR)
                  0001ff9c    0000002c     libmmwave_xwr68xx.aer4f : mmwave_osal.oer4f (.text:MMWave_osalMutexCreate)
                  0001ffc8    0000002c                             : mmwave_osal.oer4f (.text:MMWave_osalSemCreate)
                  0001fff4    0000002c     libsoc_xwr68xx.aer4f : soc_xwr68xx_mss.oer4f (.text:SOC_waitBSSPowerUp)
                  00020020    0000002c     libmmwavelink_xwr68xx.aer4f : rl_device.oer4f (.text:rlDeviceGetMssVersion)
                  0002004c    0000002c                                 : rl_sensor.oer4f (.text:rlSensorStop)
                  00020078    0000002c     rtsv7R4_T_le_v3D16_eabi.lib : unlink.obj (.text)
                  000200a4    0000002c     mmw_mss_per4ft.oer4ft (.text:ti_sysbios_BIOS_atExitFunc__I)
                  000200d0    0000002c     mmw_mss_per4ft.oer4ft (.text:ti_sysbios_knl_Clock_doTick__I)
                  000200fc    0000002c     mmw_mss_per4ft.oer4ft (.text:ti_sysbios_knl_Queue_construct)
                  00020128    00000006     libedma_xwr68xx.aer4f : edma_low_level.oer4f (.text:EDMA3GetErrIntrStatus)
                  0002012e    00000002     --HOLE-- [fill = 0]
                  00020130    0000002c     sysbios.aer4ft : BIOS.obj (.text:ti_sysbios_timers_rti_Timer_periodicStub__E)
                  0002015c    0000002a     objdetrangehwa.oer4f (.text:DPC_ObjDetRangeHwa_MemPoolAlloc)
                  00020186    0000002a     libdpm_xwr68xx.aer4f : dpm_pipe.oer4f (.text:DPM_pipeDeinit)
                  000201b0    0000002a     libedma_xwr68xx.aer4f : edma.oer4f (.text:EDMA_isError)
                  000201da    0000002a     mmwdemo_adcconfig.oer4f (.text:MmwDemo_ADCBufOpen)
                  00020204    0000002a     libsoc_xwr68xx.aer4f : soc.oer4f (.text:SOC_SystemISR)
                  0002022e    0000002a     libmmwavelink_xwr68xx.aer4f : rl_device.oer4f (.text:rlDeviceGetMmWaveLinkVersion)
                  00020258    0000002a     rtsv7R4_T_le_v3D16_eabi.lib : strspn.obj (.text)
                  00020282    00000002     --HOLE-- [fill = 0]
                  00020284    00000028     libcbuff_xwr68xx.aer4f : cbuff.oer4f (.text:CBUFF_ErrorISR)
                  000202ac    00000028                            : cbuff.oer4f (.text:CBUFF_FrameStartISR)
                  000202d4    00000028     objdetrangehwa.oer4f (.text:DPC_ObjDetRangeHwa_reconfigSubFrame)
                  000202fc    00000028     libdpm_xwr68xx.aer4f : dpm_mailbox.oer4f (.text:DPM_mboxDeinit)
                  00020324    00000028                          : dpm_msg.oer4f (.text:DPM_msgInitHeader)
                  0002034c    00000028     librangeproc_hwa_xwr68xx.aer4f : rangeprochwa.oer4f (.text:DPU_RangeProcHWA_deinit)
                  00020374    00000028     libmailbox_xwr68xx.aer4f : mailbox.oer4f (.text:Mailbox_Config_init)
                  0002039c    00000028     libqspiflash_xwr68xx.aer4f : qspiflash.oer4f (.text:QSPIFlash_getExtFlashAddr)
                  000203c4    00000028     libuart_xwr68xx.aer4f : uartsci_dma.oer4f (.text:UartSci_RxDMACallbackFxn)
                  000203ec    00000028                           : uartsci_dma.oer4f (.text:UartSci_TxDMACallbackFxn)
                  00020414    00000028     mmwdemo_flash.oer4f (.text:mmwDemo_flashEraseOneSector)
                  0002043c    00000028     libmmwavelink_xwr68xx.aer4f : rl_driver.oer4f (.text:rlDriverConstructInMsg)
                  00020464    00000028     rtsv7R4_T_le_v3D16_eabi.lib : lseek.obj (.text)
                  0002048c    00000028                                 : write.obj (.text)
                  000204b4    0000000a     libmathutils.aer4f : mathutils.oer4f (.text:mathUtils_floorLog2)
                  000204be    00000002     --HOLE-- [fill = 0]
                  000204c0    00000028     sysbios.aer4ft : BIOS.obj (.text:ti_sysbios_knl_Idle_run__E)
                  000204e8    00000006     libedma_xwr68xx.aer4f : edma_low_level.oer4f (.text:EDMA3QdmaGetErrIntrStatus)
                  000204ee    00000002     --HOLE-- [fill = 0]
                  000204f0    00000028     sysbios.aer4ft : BIOS.obj (.text:xdc_runtime_SysStd_abort__E)
                  00020518    00000006     libosal_xwr68xx.aer4f : HwiP_tirtos.oer4f (.text:HwiP_restore)
                  0002051e    00000002     --HOLE-- [fill = 0]
                  00020520    00000028     sysbios.aer4ft : BIOS.obj (.text:xdc_runtime_System_aprintf_va__F)
                  00020548    00000026     mmwdemo_monitor.oer4f (.text:mmwDemo_cfgRxSaturationMonitor)
                  0002056e    00000026     libmmwavelink_xwr68xx.aer4f : rl_monitoring.oer4f (.text:rlRfAnaMonConfig)
                  00020594    00000026                                 : rl_sensor.oer4f (.text:rlRfGetTemperatureReport)
                  000205ba    00000026                                 : rl_sensor.oer4f (.text:rlRfInitCalibConfig)
                  000205e0    00000026                                 : rl_sensor.oer4f (.text:rlRfRunTimeCalibConfig)
[...]
00022c5c  ti_sysbios_knl_Task_LM_switch__C                                     
00022c60  ti_sysbios_knl_Task_Module_State_inactiveQ__O                        
00022c64  ti_sysbios_knl_Task_Module__diagsEnabled__C                          
00022c68  ti_sysbios_knl_Task_Module__diagsIncluded__C                         
00022c6c  ti_sysbios_knl_Task_Module__diagsMask__C                             
00022c70  ti_sysbios_knl_Task_Module__loggerFxn2__C                            
00022c74  ti_sysbios_knl_Task_Module__loggerFxn4__C                            
00022c78  ti_sysbios_knl_Task_Module__loggerObj__C                             
00022c7c  ti_sysbios_knl_Task_Object__count__C                                 
00022c80  ti_sysbios_knl_Task_Object__heap__C                                  
00022c84  ti_sysbios_knl_Task_allBlockedFunc__C                                
00022c88  ti_sysbios_knl_Task_defaultStackHeap__C                              
00022c8c  ti_sysbios_knl_Task_defaultStackSize__C                              
00022c90  ti_sysbios_knl_Task_numConstructedTasks__C                           
00022c94  ti_sysbios_timers_rti_Timer_E_cannotSupport__C                       
00022c98  ti_sysbios_timers_rti_Timer_Module__diagsEnabled__C                  
00022c9c  ti_sysbios_timers_rti_Timer_Module__diagsIncluded__C                 
00022ca0  ti_sysbios_timers_rti_Timer_Module__diagsMask__C                     
00022ca4  ti_sysbios_timers_rti_Timer_numTimerDevices__C                       
00022ca8  ti_sysbios_timers_rti_Timer_startupNeeded__C                         
00022cac  ti_sysbios_utils_Load_LS_cpuLoad__C                                  
00022cb0  ti_sysbios_utils_Load_LS_taskLoad__C                                 
00022cb4  ti_sysbios_utils_Load_Module_State_taskList__O                       
00022cb8  ti_sysbios_utils_Load_Module__diagsEnabled__C                        
00022cbc  ti_sysbios_utils_Load_Module__diagsIncluded__C                       
00022cc0  ti_sysbios_utils_Load_Module__diagsMask__C                           
00022cc4  ti_sysbios_utils_Load_Module__loggerFxn1__C                          
00022cc8  ti_sysbios_utils_Load_Module__loggerFxn4__C                          
00022ccc  ti_sysbios_utils_Load_Module__loggerObj__C                           
00022cd0  ti_sysbios_utils_Load_postUpdate__C                                  
00022cd4  ti_sysbios_utils_Load_windowInMs__C                                  
00022cd8  xdc_runtime_Assert_E_assertFailed__C                                 
00022cdc  xdc_runtime_Core_A_initializedParams__C                              
00022ce0  xdc_runtime_Core_Module__diagsEnabled__C                             
00022ce4  xdc_runtime_Core_Module__diagsIncluded__C                            
00022ce8  xdc_runtime_Core_Module__diagsMask__C                                
00022cec  xdc_runtime_Error_E_memory__C                                        
00022cf0  xdc_runtime_Error_Module__diagsEnabled__C                            
00022cf4  xdc_runtime_Error_Module__diagsIncluded__C                           
00022cf8  xdc_runtime_Error_Module__diagsMask__C                               
00022cfc  xdc_runtime_Error_Module__loggerFxn8__C                              
00022d00  xdc_runtime_Error_Module__loggerObj__C                               
00022d04  xdc_runtime_Error_policyFxn__C                                       
00022d08  xdc_runtime_Error_policy__C                                          
00022d0c  xdc_runtime_Error_raiseHook__C                                       
00022d10  xdc_runtime_IFilterLogger_Interface__BASE__C                         
00022d14  xdc_runtime_IGateProvider_Interface__BASE__C                         
00022d18  xdc_runtime_IHeap_Interface__BASE__C                                 
00022d1c  xdc_runtime_ILogger_Interface__BASE__C                               
00022d20  xdc_runtime_IModule_Interface__BASE__C                               
00022d24  xdc_runtime_Log_L_error__C                                           
00022d28  xdc_runtime_LoggerBuf_E_badLevel__C                                  
00022d2c  xdc_runtime_LoggerBuf_Module__gateObj__C                             
00022d30  xdc_runtime_LoggerBuf_Object__count__C                               
00022d34  xdc_runtime_LoggerBuf_statusLogger__C                                
00022d38  xdc_runtime_Main_Module__diagsEnabled__C                             
00022d3c  xdc_runtime_Main_Module__diagsIncluded__C                            
00022d40  xdc_runtime_Main_Module__diagsMask__C                                
00022d44  xdc_runtime_Main_Module__loggerFxn1__C                               
00022d48  xdc_runtime_Main_Module__loggerFxn2__C                               
00022d4c  xdc_runtime_Main_Module__loggerFxn4__C                               
00022d50  xdc_runtime_Main_Module__loggerObj__C                                
00022d54  xdc_runtime_Memory_defaultHeapInstance__C                            
00022d58  xdc_runtime_Startup_execImpl__C                                      
00022d5c  xdc_runtime_Startup_maxPasses__C                                     
00022d60  xdc_runtime_Startup_sfxnRts__C                                       
00022d64  xdc_runtime_Startup_sfxnTab__C                                       
00022d68  xdc_runtime_System_Module__gateObj__C                                
00022d6c  xdc_runtime_System_abortFxn__C                                       
00022d70  xdc_runtime_System_exitFxn__C                                        
00022d74  xdc_runtime_System_extendFxn__C                                      
00022d78  xdc_runtime_System_maxAtexitHandlers__C                              
00022d7c  xdc_runtime_Text_charTab__C                                          
00022d80  xdc_runtime_Text_nameEmpty__C                                        
00022d84  xdc_runtime_Text_nameStatic__C                                       
00022d88  xdc_runtime_Text_nameUnknown__C                                      
00022d8c  xdc_runtime_Text_visitRopeFxn__C                                     
00022d90  ti_sysbios_family_arm_v7r_tms570_Core_Module__id__C                  
00022d92  ti_sysbios_family_arm_v7r_vim_Hwi_Module__id__C                      
00022d94  ti_sysbios_family_arm_v7r_vim_Hwi_Module__loggerDefined__C           
00022d96  ti_sysbios_gates_GateMutex_Module__id__C                             
00022d98  ti_sysbios_hal_Hwi_Module__id__C                                     
00022d9a  ti_sysbios_heaps_HeapMem_Module__id__C                               
00022d9c  ti_sysbios_knl_Clock_Module__id__C                                   
00022d9e  ti_sysbios_knl_Clock_Module__loggerDefined__C                        
00022da0  ti_sysbios_knl_Semaphore_Module__id__C                               
00022da2  ti_sysbios_knl_Semaphore_Module__loggerDefined__C                    
00022da4  ti_sysbios_knl_Task_Module__id__C                                    
00022da6  ti_sysbios_knl_Task_Module__loggerDefined__C                         
00022da8  ti_sysbios_timers_rti_Timer_Module__id__C                            
00022daa  ti_sysbios_timers_rti_Timer_continueOnSuspend__C                     
00022dac  ti_sysbios_utils_Load_Module__id__C                                  
00022dae  ti_sysbios_utils_Load_Module__loggerDefined__C                       
00022db0  ti_sysbios_utils_Load_autoAddTasks__C                                
00022db2  ti_sysbios_utils_Load_updateInIdle__C                                
00022db4  xdc_runtime_Core_Module__id__C                                       
00022db6  xdc_runtime_Error_Module__loggerDefined__C                           
00022db8  xdc_runtime_Error_maxDepth__C                                        
00022dba  xdc_runtime_LoggerBuf_Module__id__C                                  
00022dbc  xdc_runtime_LoggerBuf_filterByLevel__C                               
00022dbe  xdc_runtime_Main_Module__id__C                                       
00022dc0  xdc_runtime_Main_Module__loggerDefined__C                            
00022dc2  xdc_runtime_Memory_Module__id__C                                     
00022dc4  xdc_runtime_Text_charCnt__C                                          
00022dc6  xdc_runtime_Text_isLoaded__C                                         
00022dc8  xdc_runtime_Text_registryModsLastId__C                               
00022dca  xdc_runtime_Text_unnamedModsLastId__C                                
000232fc  __TI_Handler_Table_Base                                              
00023308  __TI_Handler_Table_Limit                                             
00023330  __TI_CINIT_Base                                                      
00023360  __TI_CINIT_Limit                                                     
08000000  ti_sysbios_heaps_HeapMem_Instance_State_0_buf__A                     
08008000  xdc_runtime_LoggerBuf_Instance_State_0_entryArr__A                   
08009900  ti_sysbios_family_arm_exc_Exception_Module_State_0_excStack_0__A     
0800a900  edmaDbg                                                              
0800ade8  ti_sysbios_knl_Task_Instance_State_0_stack__A                        
0800b108  gCLI                                                                 
0800b2b0  gGPIOMCB                                                             
0800b444  __CIOBUF_                                                            
0800b564  gMMWave_MCB                                                          
0800b664  __TI_tmpnams                                                         
0800b704  gObjDetObj                                                           
0800b708  gHSIHeaderMCB                                                        
0800b798  gEsmMCB                                                              
0800b808  gMmwDemoFlash                                                        
0800b814  gMMWave_DualcoreMCB                                                  
0800b81c  parmbuf                                                              
0800b824  ti_sysbios_knl_Task_Instance_State_0_hookEnv__A                      
0800b828  gRFLdoBypassCfg                                                      
0800b82c  gtsIdx                                                               
0800b830  gts                                                                  
0800b9c0  gCalibDataStorage                                                    
0800be20  gMmwMssMCB                                                           
0800c650  rl_txMsg                                                             
0800c750  rl_rxMsg                                                             
0800ca38  gCLI_mmwave_freq_scale_factor                                        
0800ca40  gCLIMMWaveOpenCfg                                                    
0800ca68  gCLIMMWaveExtensionTable                                             
0800cb10  gCLIMMWaveControlCfg                                                 
0800cbdc  partInfoStringArray                                                  
0800cda0  ti_sysbios_family_arm_v7r_vim_Hwi_Module_State_0_dispatchTable__A    
0800cfa0  _ftable                                                              
0800d090  ti_sysbios_utils_Load_Module__state__V                               
0800d128  ti_sysbios_knl_Task_Module_State_0_readyQ__A                         
0800d1a8  _device                                                              
0800d220  gCBUFFHwAttribute                                                    
0800d298  ti_sysbios_knl_Task_Object__table__V                                 
0800d2f4  gUartSciHwCfg                                                        
0800d34c  _stream                                                              
0800d39c  gMailboxMCB                                                          
0800d3ec  ti_sysbios_knl_Task_Module__state__V                                 
0800d434  SOC_TranslateAddr_LUT                                                
0800d474  ti_sysbios_gates_GateMutex_Object__table__V                          
0800d4b4  ti_sysbios_timers_rti_Timer_Object__table__V                         
0800d4f0  gCBUFFInterfaceFxn                                                   
0800d528  ti_sysbios_family_arm_v7r_vim_Hwi_Module__state__V                   
0800d55c  gHWAHwCfg                                                            
0800d58c  ti_sysbios_family_arm_v7r_vim_Hwi_Object__table__V                   
0800d5b8  ti_sysbios_knl_Clock_Module__state__V                                
0800d5e4  gUartSciFxnTable                                                     
0800d60c  UART_config                                                          
0800d630  gDPC_ObjDetRangeHWACfg                                               
0800d654  ti_sysbios_BIOS_Module__state__V                                     
0800d678  xdc_runtime_LoggerBuf_Object__table__V                               
0800d69c  gHWADriverPtr                                                        
0800d6a0  gSOCHwAttrib                                                         
0800d6c0  ti_sysbios_knl_Clock_Object__table__V                                
0800d6e0  xdc_runtime_Error_IgnoreBlock                                        
0800d700  xdc_runtime_System_Module_State_0_atexitHandlers__A                  
0800d720  ti_sysbios_utils_Load_Module_State_0_taskEnv__A                      
0800d73c  ADCBuf_config                                                        
0800d754  gInterleavedTransferFxn                                              
0800d76c  gMailboxMssBssHwCfg                                                  
0800d784  gMailboxMssDssHwCfg                                                  
0800d79c  gMultipleChirpNonInterleavedTransferFxn                              
0800d7b4  gNonInterleavedTransferFxn                                           
0800d7cc  ti_sysbios_heaps_HeapMem_Object__table__V                            
0800d7e4  ti_sysbios_timers_rti_Timer_Module_State_0_device__A                 
0800d7fc  gDPMRemoteTable                                                      
0800d810  ti_sysbios_family_arm_exc_Exception_Module__state__V                 
0800d824  gHwaEDMAChanMapping                                                  
0800d834  gQSPIHwCfg                                                           
0800d844  __TI_ft_end                                                          
0800d848  __aeabi_stdin                                                        
0800d84c  __aeabi_stdout                                                       
0800d850  __aeabi_stderr                                                       
0800d854  ti_sysbios_timers_rti_Timer_Module_State_0_intFreqs__A               
0800d864  ti_sysbios_timers_rti_Timer_Module__state__V                         
0800d874  __TI_cleanup_ptr                                                     
0800d878  __TI_dtors_ptr                                                       
0800d87c  __TI_enable_exit_profile_output                                      
0800d880  gESMHwCfgAttrs                                                       
0800d88c  ti_sysbios_family_arm_v7a_Pmu_Module__state__V                       
0800d898  ti_sysbios_knl_Task_Module__root__V                                  
0800d8a4  _lock                                                                
0800d8a8  _unlock                                                              
0800d8ac  MmwDemo_RFParserHwCfg                                                
0800d8b4  QSPIFlash_deviceFxnTbl_macronix                                      
0800d8bc  QSPIFlash_deviceFxnTbl_spansion                                      
0800d8c4  gDPMHwAttrib                                                         
0800d8cc  gGPIOHwAtrrib                                                        
0800d8d4  ti_sysbios_family_arm_v7r_vim_Hwi_Module__root__V                    
0800d8dc  ti_sysbios_gates_GateHwi_Module__root__V                             
0800d8e4  ti_sysbios_gates_GateMutex_Module__root__V                           
0800d8ec  ti_sysbios_hal_Hwi_Object__table__V                                  
0800d8f4  ti_sysbios_heaps_HeapMem_Module__root__V                             
0800d8fc  ti_sysbios_knl_Queue_Module__root__V                                 
0800d904  ti_sysbios_knl_Semaphore_Module__root__V                             
0800d90c  ti_sysbios_timers_rti_Timer_Module_State_0_handles__A                
0800d914  xdc_runtime_LoggerBuf_Module__root__V                                
0800d91c  xdc_runtime_Registry_Module__state__V                                
0800d924  xdc_runtime_Startup_Module__state__V                                 
0800d92c  xdc_runtime_System_Module__state__V                                  
0800d934  xdc_runtime_LoggerBuf_Module__state__V                               
0800d93a  ti_sysbios_family_arm_exc_Exception_Module_State_0_excActive__A      
0800d93c  gQSPIFlashHwCfg                                                      
0800d944  gCRCRegister                                                         
0800d948  gDPM                                                                 
0800d94c  regionId                                                             
0800d950  gPinmuxRegs                                                          
0800d954  gQSPIDriverPtr                                                       
0800d95c  errno                                                                
0800d968  main_func_sp                                                         
0800d970  ti_sysbios_family_arm_a15_TimestampProvider_Module__state__V         
0800d974  ti_sysbios_family_arm_exc_Exception_Module_State_0_excContext__A     
0800d978  ti_sysbios_family_arm_exc_Exception_Module_State_0_excStackBuffers__A
0800d97c  ti_sysbios_family_arm_exc_Exception_Module_State_0_excStack__A       
0800d980  ti_sysbios_gates_GateHwi_Object__table__V                            
0800d984  ti_sysbios_heaps_HeapBuf_Module__state__V                            
0800d988  ti_sysbios_knl_Task_Module_State_0_idleTask__A                       
0800d98c  ti_sysbios_utils_Load_Module_State_0_runningTask__A                  
0800d990  ti_sysbios_utils_Load_Module_State_0_taskStartTime__A                
0800d994  xdc_runtime_Memory_Module__state__V                                  
0800d998  xdc_runtime_Error_Module__state__V                                   
0800d99a  xdc_runtime_Main_Module__root__V                                     
0800d99c  gDPCTCM                                                              
0800e9a0  ti_sysbios_family_arm_v7r_vim_Hwi_Module_State_0_fiqStack__A         
0800f1a0  __stack                                                              
0800f9a0  __STACK_END                                                          
51000000  gMmwL3                                                               
fffffdec  ti_sysbios_family_arm_v7r_vim_Hwi_vim                                
ffffffff  __TI_pprof_out_hndl                                                  
ffffffff  __TI_prof_data_size                                                  
ffffffff  __TI_prof_data_start                                                 
ffffffff  __binit__                                                            
ffffffff  __c_args__                                                           
ffffffff  binit                                                                
UNDEFED   SHT$$INIT_ARRAY$$Base                                                
UNDEFED   SHT$$INIT_ARRAY$$Limit                                               

[1189 symbols]
